Component: ARM Compiler 5.06 update 5 (build 528) Tool: armlink [4d35e2]

==============================================================================

Section Cross References

    startup_stm32f407xx.o(STACK) refers (Special) to heapauxi.o(.text) for __use_two_region_memory
    startup_stm32f407xx.o(HEAP) refers (Special) to heapauxi.o(.text) for __use_two_region_memory
    startup_stm32f407xx.o(RESET) refers (Special) to heapauxi.o(.text) for __use_two_region_memory
    startup_stm32f407xx.o(RESET) refers to startup_stm32f407xx.o(STACK) for __initial_sp
    startup_stm32f407xx.o(RESET) refers to startup_stm32f407xx.o(.text) for Reset_Handler
    startup_stm32f407xx.o(RESET) refers to stm32f4xx_it.o(i.NMI_Handler) for NMI_Handler
    startup_stm32f407xx.o(RESET) refers to stm32f4xx_it.o(i.HardFault_Handler) for HardFault_Handler
    startup_stm32f407xx.o(RESET) refers to stm32f4xx_it.o(i.MemManage_Handler) for MemManage_Handler
    startup_stm32f407xx.o(RESET) refers to stm32f4xx_it.o(i.BusFault_Handler) for BusFault_Handler
    startup_stm32f407xx.o(RESET) refers to stm32f4xx_it.o(i.UsageFault_Handler) for UsageFault_Handler
    startup_stm32f407xx.o(RESET) refers to port.o(.emb_text) for SVC_Handler
    startup_stm32f407xx.o(RESET) refers to stm32f4xx_it.o(i.DebugMon_Handler) for DebugMon_Handler
    startup_stm32f407xx.o(RESET) refers to port.o(i.SysTick_Handler) for SysTick_Handler
    startup_stm32f407xx.o(RESET) refers to stm32f4xx_it.o(i.CAN1_RX0_IRQHandler) for CAN1_RX0_IRQHandler
    startup_stm32f407xx.o(RESET) refers to stm32f4xx_it.o(i.TIM8_TRG_COM_TIM14_IRQHandler) for TIM8_TRG_COM_TIM14_IRQHandler
    startup_stm32f407xx.o(.text) refers (Special) to heapauxi.o(.text) for __use_two_region_memory
    startup_stm32f407xx.o(.text) refers to system_stm32f4xx.o(i.SystemInit) for SystemInit
    startup_stm32f407xx.o(.text) refers to __main.o(!!!main) for __main
    startup_stm32f407xx.o(.text) refers to startup_stm32f407xx.o(HEAP) for Heap_Mem
    startup_stm32f407xx.o(.text) refers to startup_stm32f407xx.o(STACK) for Stack_Mem
    gm6020.o(i.GM6020_SetVoltageAll) refers to stm32f4xx_hal_can.o(i.HAL_CAN_AddTxMessage) for HAL_CAN_AddTxMessage
    gm6020.o(i.GM6020_SetVoltageAll) refers to can.o(.bss) for hcan1
    gm6020.o(i.GM6020_SeyVoltage) refers to stm32f4xx_hal_can.o(i.HAL_CAN_AddTxMessage) for HAL_CAN_AddTxMessage
    gm6020.o(i.GM6020_SeyVoltage) refers to can.o(.bss) for hcan1
    gm6020.o(i.HAL_CAN_RxFifo0MsgPendingCallback) refers to stm32f4xx_hal_can.o(i.HAL_CAN_GetRxMessage) for HAL_CAN_GetRxMessage
    gm6020.o(i.HAL_CAN_RxFifo0MsgPendingCallback) refers to stm32f4xx_hal.o(i.HAL_GetTick) for HAL_GetTick
    gm6020.o(i.HAL_CAN_RxFifo0MsgPendingCallback) refers to can.o(.bss) for hcan1
    gm6020.o(i.HAL_CAN_RxFifo0MsgPendingCallback) refers to main.o(.bss) for GM_Statu
    main.o(i.HAL_TIM_PeriodElapsedCallback) refers to stm32f4xx_hal.o(i.HAL_IncTick) for HAL_IncTick
    main.o(i.SystemClock_Config) refers to rt_memclr_w.o(.text) for __aeabi_memclr4
    main.o(i.SystemClock_Config) refers to stm32f4xx_hal_rcc.o(i.HAL_RCC_OscConfig) for HAL_RCC_OscConfig
    main.o(i.SystemClock_Config) refers to main.o(i.Error_Handler) for Error_Handler
    main.o(i.SystemClock_Config) refers to stm32f4xx_hal_rcc.o(i.HAL_RCC_ClockConfig) for HAL_RCC_ClockConfig
    main.o(i.main) refers to stm32f4xx_hal.o(i.HAL_Init) for HAL_Init
    main.o(i.main) refers to main.o(i.SystemClock_Config) for SystemClock_Config
    main.o(i.main) refers to gpio.o(i.MX_GPIO_Init) for MX_GPIO_Init
    main.o(i.main) refers to can.o(i.MX_CAN1_Init) for MX_CAN1_Init
    main.o(i.main) refers to freertos.o(i.MX_FREERTOS_Init) for MX_FREERTOS_Init
    main.o(i.main) refers to cmsis_os.o(i.osKernelStart) for osKernelStart
    freertos.o(i.CAN_DJ) refers to pid.o(i.PID_Init) for PID_Init
    freertos.o(i.CAN_DJ) refers to stm32f4xx_hal.o(i.HAL_GetTick) for HAL_GetTick
    freertos.o(i.CAN_DJ) refers to f2d.o(x$fpl$f2d) for __aeabi_f2d
    freertos.o(i.CAN_DJ) refers to sin.o(i.__hardfp_sin) for __hardfp_sin
    freertos.o(i.CAN_DJ) refers to dmul.o(x$fpl$dmul) for __aeabi_dmul
    freertos.o(i.CAN_DJ) refers to daddsub_clz.o(x$fpl$dadd) for __aeabi_dadd
    freertos.o(i.CAN_DJ) refers to d2f.o(x$fpl$d2f) for __aeabi_d2f
    freertos.o(i.CAN_DJ) refers to pid.o(i.PID_Set) for PID_Set
    freertos.o(i.CAN_DJ) refers to gm6020.o(i.GM6020_SetVoltageAll) for GM6020_SetVoltageAll
    freertos.o(i.CAN_DJ) refers to cmsis_os.o(i.osDelay) for osDelay
    freertos.o(i.CAN_DJ) refers to freertos.o(.data) for obVoltage
    freertos.o(i.CAN_DJ) refers to main.o(.bss) for GM_Statu
    freertos.o(i.MX_FREERTOS_Init) refers to rt_memcpy_w.o(.text) for __aeabi_memcpy4
    freertos.o(i.MX_FREERTOS_Init) refers to cmsis_os.o(i.osThreadCreate) for osThreadCreate
    freertos.o(i.MX_FREERTOS_Init) refers to freertos.o(.constdata) for .constdata
    freertos.o(i.MX_FREERTOS_Init) refers to freertos.o(.data) for CAN_DIAN_JIHandle
[...]
    i.HAL_CAN_ErrorCallback                  0x08000a58   Section        0  stm32f4xx_hal_can.o(i.HAL_CAN_ErrorCallback)
    i.HAL_CAN_GetRxMessage                   0x08000a5a   Section        0  stm32f4xx_hal_can.o(i.HAL_CAN_GetRxMessage)
    i.HAL_CAN_IRQHandler                     0x08000bee   Section        0  stm32f4xx_hal_can.o(i.HAL_CAN_IRQHandler)
    i.HAL_CAN_Init                           0x08000e3c   Section        0  stm32f4xx_hal_can.o(i.HAL_CAN_Init)
    i.HAL_CAN_MspInit                        0x08000fb0   Section        0  can.o(i.HAL_CAN_MspInit)
    i.HAL_CAN_RxFifo0FullCallback            0x08001048   Section        0  stm32f4xx_hal_can.o(i.HAL_CAN_RxFifo0FullCallback)
    i.HAL_CAN_RxFifo0MsgPendingCallback      0x0800104c   Section        0  gm6020.o(i.HAL_CAN_RxFifo0MsgPendingCallback)
    i.HAL_CAN_RxFifo1FullCallback            0x080011a4   Section        0  stm32f4xx_hal_can.o(i.HAL_CAN_RxFifo1FullCallback)
    i.HAL_CAN_RxFifo1MsgPendingCallback      0x080011a6   Section        0  stm32f4xx_hal_can.o(i.HAL_CAN_RxFifo1MsgPendingCallback)
    i.HAL_CAN_SleepCallback                  0x080011a8   Section        0  stm32f4xx_hal_can.o(i.HAL_CAN_SleepCallback)
    i.HAL_CAN_Start                          0x080011aa   Section        0  stm32f4xx_hal_can.o(i.HAL_CAN_Start)
    i.HAL_CAN_TxMailbox0AbortCallback        0x08001208   Section        0  stm32f4xx_hal_can.o(i.HAL_CAN_TxMailbox0AbortCallback)
    i.HAL_CAN_TxMailbox0CompleteCallback     0x0800120a   Section        0  stm32f4xx_hal_can.o(i.HAL_CAN_TxMailbox0CompleteCallback)
    i.HAL_CAN_TxMailbox1AbortCallback        0x0800120c   Section        0  stm32f4xx_hal_can.o(i.HAL_CAN_TxMailbox1AbortCallback)
    i.HAL_CAN_TxMailbox1CompleteCallback     0x0800120e   Section        0  stm32f4xx_hal_can.o(i.HAL_CAN_TxMailbox1CompleteCallback)
    i.HAL_CAN_TxMailbox2AbortCallback        0x08001210   Section        0  stm32f4xx_hal_can.o(i.HAL_CAN_TxMailbox2AbortCallback)
    i.HAL_CAN_TxMailbox2CompleteCallback     0x08001212   Section        0  stm32f4xx_hal_can.o(i.HAL_CAN_TxMailbox2CompleteCallback)
    i.HAL_CAN_WakeUpFromRxMsgCallback        0x08001214   Section        0  stm32f4xx_hal_can.o(i.HAL_CAN_WakeUpFromRxMsgCallback)
    i.HAL_GPIO_Init                          0x08001218   Section        0  stm32f4xx_hal_gpio.o(i.HAL_GPIO_Init)
    i.HAL_GetTick                            0x0800140c   Section        0  stm32f4xx_hal.o(i.HAL_GetTick)
    i.HAL_IncTick                            0x08001418   Section        0  stm32f4xx_hal.o(i.HAL_IncTick)
    i.HAL_Init                               0x08001430   Section        0  stm32f4xx_hal.o(i.HAL_Init)
    i.HAL_InitTick                           0x0800146c   Section        0  stm32f4xx_hal_timebase_tim.o(i.HAL_InitTick)
    i.HAL_MspInit                            0x08001520   Section        0  stm32f4xx_hal_msp.o(i.HAL_MspInit)
    i.HAL_NVIC_EnableIRQ                     0x08001574   Section        0  stm32f4xx_hal_cortex.o(i.HAL_NVIC_EnableIRQ)
    i.HAL_NVIC_SetPriority                   0x0800159c   Section        0  stm32f4xx_hal_cortex.o(i.HAL_NVIC_SetPriority)
    i.HAL_NVIC_SetPriorityGrouping           0x08001618   Section        0  stm32f4xx_hal_cortex.o(i.HAL_NVIC_SetPriorityGrouping)
    i.HAL_RCC_ClockConfig                    0x08001640   Section        0  stm32f4xx_hal_rcc.o(i.HAL_RCC_ClockConfig)
    i.HAL_RCC_GetClockConfig                 0x080017c4   Section        0  stm32f4xx_hal_rcc.o(i.HAL_RCC_GetClockConfig)
    i.HAL_RCC_GetHCLKFreq                    0x08001808   Section        0  stm32f4xx_hal_rcc.o(i.HAL_RCC_GetHCLKFreq)
    i.HAL_RCC_GetPCLK1Freq                   0x08001814   Section        0  stm32f4xx_hal_rcc.o(i.HAL_RCC_GetPCLK1Freq)
    i.HAL_RCC_GetSysClockFreq                0x08001834   Section        0  stm32f4xx_hal_rcc.o(i.HAL_RCC_GetSysClockFreq)
    i.HAL_RCC_OscConfig                      0x080018e4   Section        0  stm32f4xx_hal_rcc.o(i.HAL_RCC_OscConfig)
    i.HAL_TIMEx_BreakCallback                0x08001d80   Section        0  stm32f4xx_hal_tim_ex.o(i.HAL_TIMEx_BreakCallback)
    i.HAL_TIMEx_CommutCallback               0x08001d82   Section        0  stm32f4xx_hal_tim_ex.o(i.HAL_TIMEx_CommutCallback)
    i.HAL_TIM_Base_Init                      0x08001d84   Section        0  stm32f4xx_hal_tim.o(i.HAL_TIM_Base_Init)
    i.HAL_TIM_Base_MspInit                   0x08001dea   Section        0  stm32f4xx_hal_tim.o(i.HAL_TIM_Base_MspInit)
    i.HAL_TIM_Base_Start_IT                  0x08001dec   Section        0  stm32f4xx_hal_tim.o(i.HAL_TIM_Base_Start_IT)
    i.HAL_TIM_IC_CaptureCallback             0x08001e94   Section        0  stm32f4xx_hal_tim.o(i.HAL_TIM_IC_CaptureCallback)
    i.HAL_TIM_IRQHandler                     0x08001e96   Section        0  stm32f4xx_hal_tim.o(i.HAL_TIM_IRQHandler)
    i.HAL_TIM_OC_DelayElapsedCallback        0x08002002   Section        0  stm32f4xx_hal_tim.o(i.HAL_TIM_OC_DelayElapsedCallback)
    i.HAL_TIM_PWM_PulseFinishedCallback      0x08002004   Section        0  stm32f4xx_hal_tim.o(i.HAL_TIM_PWM_PulseFinishedCallback)
    i.HAL_TIM_PeriodElapsedCallback          0x08002008   Section        0  main.o(i.HAL_TIM_PeriodElapsedCallback)
    i.HAL_TIM_TriggerCallback                0x08002020   Section        0  stm32f4xx_hal_tim.o(i.HAL_TIM_TriggerCallback)
    i.HardFault_Handler                      0x08002022   Section        0  stm32f4xx_it.o(i.HardFault_Handler)
    i.MX_CAN1_Init                           0x08002028   Section        0  can.o(i.MX_CAN1_Init)
    i.MX_FREERTOS_Init                       0x080020a0   Section        0  freertos.o(i.MX_FREERTOS_Init)
    i.MX_GPIO_Init                           0x080020c8   Section        0  gpio.o(i.MX_GPIO_Init)
    i.MemManage_Handler                      0x0800212c   Section        0  stm32f4xx_it.o(i.MemManage_Handler)
    i.NMI_Handler                            0x08002130   Section        0  stm32f4xx_it.o(i.NMI_Handler)
    i.PID_Init                               0x08002134   Section        0  pid.o(i.PID_Init)
    i.PID_Set                                0x08002170   Section        0  pid.o(i.PID_Set)
    i.SysTick_Handler                        0x08002308   Section        0  port.o(i.SysTick_Handler)
    i.SystemClock_Config                     0x0800233c   Section        0  main.o(i.SystemClock_Config)
    i.SystemInit                             0x080023f0   Section        0  system_stm32f4xx.o(i.SystemInit)
    i.TIM8_TRG_COM_TIM14_IRQHandler          0x08002404   Section        0  stm32f4xx_it.o(i.TIM8_TRG_COM_TIM14_IRQHandler)
    i.TIM_Base_SetConfig                     0x08002414   Section        0  stm32f4xx_hal_tim.o(i.TIM_Base_SetConfig)
    i.UsageFault_Handler                     0x080024f4   Section        0  stm32f4xx_it.o(i.UsageFault_Handler)
    i.__ARM_fpclassify                       0x080024f8   Section        0  fpclassify.o(i.__ARM_fpclassify)
    i.__NVIC_GetPriorityGrouping             0x08002528   Section        0  stm32f4xx_hal_cortex.o(i.__NVIC_GetPriorityGrouping)
    __NVIC_GetPriorityGrouping               0x08002529   Thumb Code    10  stm32f4xx_hal_cortex.o(i.__NVIC_GetPriorityGrouping)
    i.__NVIC_SetPriority                     0x08002538   Section        0  stm32f4xx_hal_cortex.o(i.__NVIC_SetPriority)
    __NVIC_SetPriority                       0x08002539   Thumb Code    32  stm32f4xx_hal_cortex.o(i.__NVIC_SetPriority)
    i.__hardfp_sin                           0x08002560   Section        0  sin.o(i.__hardfp_sin)
    i.__ieee754_rem_pio2                     0x08002628   Section        0  rred.o(i.__ieee754_rem_pio2)
    i.__kernel_cos                           0x08002a60   Section        0  cos_i.o(i.__kernel_cos)
    i.__kernel_poly                          0x08002bd0   Section        0  poly.o(i.__kernel_poly)
    i.__kernel_sin                           0x08002cc8   Section        0  sin_i.o(i.__kernel_sin)
    i.__mathlib_dbl_infnan                   0x08002df8   Section        0  dunder.o(i.__mathlib_dbl_infnan)
    i.__mathlib_dbl_invalid                  0x08002e10   Section        0  dunder.o(i.__mathlib_dbl_invalid)
    i.__mathlib_dbl_underflow                0x08002e30   Section        0  dunder.o(i.__mathlib_dbl_underflow)
    i.fabs                                   0x08002e50   Section        0  fabs.o(i.fabs)
    i.main                                   0x08002e68   Section        0  main.o(i.main)
    i.makeFreeRtosPriority                   0x08002e84   Section        0  cmsis_os.o(i.makeFreeRtosPriority)
    makeFreeRtosPriority                     0x08002e85   Thumb Code    14  cmsis_os.o(i.makeFreeRtosPriority)
    i.osDelay                                0x08002e92   Section        0  cmsis_os.o(i.osDelay)
    i.osKernelStart                          0x08002eaa   Section        0  cmsis_os.o(i.osKernelStart)
    i.osThreadCreate                         0x08002eb4   Section        0  cmsis_os.o(i.osThreadCreate)
    i.prvAddCurrentTaskToDelayedList         0x08002f14   Section        0  tasks.o(i.prvAddCurrentTaskToDelayedList)
    prvAddCurrentTaskToDelayedList           0x08002f15   Thumb Code   124  tasks.o(i.prvAddCurrentTaskToDelayedList)
    i.prvAddNewTaskToReadyList               0x08002fac   Section        0  tasks.o(i.prvAddNewTaskToReadyList)
    prvAddNewTaskToReadyList                 0x08002fad   Thumb Code   150  tasks.o(i.prvAddNewTaskToReadyList)
    i.prvCheckTasksWaitingTermination        0x08003060   Section        0  tasks.o(i.prvCheckTasksWaitingTermination)
    prvCheckTasksWaitingTermination          0x08003061   Thumb Code    60  tasks.o(i.prvCheckTasksWaitingTermination)
    i.prvDeleteTCB                           0x080030a8   Section        0  tasks.o(i.prvDeleteTCB)
    prvDeleteTCB                             0x080030a9   Thumb Code    80  tasks.o(i.prvDeleteTCB)
    i.prvHeapInit                            0x080030f8   Section        0  heap_4.o(i.prvHeapInit)
    prvHeapInit                              0x080030f9   Thumb Code    98  heap_4.o(i.prvHeapInit)
    i.prvIdleTask                            0x08003174   Section        0  tasks.o(i.prvIdleTask)
    prvIdleTask                              0x08003175   Thumb Code    32  tasks.o(i.prvIdleTask)
    i.prvInitialiseNewTask                   0x0800319c   Section        0  tasks.o(i.prvInitialiseNewTask)
    prvInitialiseNewTask                     0x0800319d   Thumb Code   180  tasks.o(i.prvInitialiseNewTask)
    i.prvInitialiseTaskLists                 0x08003250   Section        0  tasks.o(i.prvInitialiseTaskLists)
    prvInitialiseTaskLists                   0x08003251   Thumb Code    70  tasks.o(i.prvInitialiseTaskLists)
    i.prvInsertBlockIntoFreeList             0x080032b8   Section        0  heap_4.o(i.prvInsertBlockIntoFreeList)
    prvInsertBlockIntoFreeList               0x080032b9   Thumb Code    96  heap_4.o(i.prvInsertBlockIntoFreeList)
    i.prvResetNextTaskUnblockTime            0x08003320   Section        0  tasks.o(i.prvResetNextTaskUnblockTime)
    prvResetNextTaskUnblockTime              0x08003321   Thumb Code    42  tasks.o(i.prvResetNextTaskUnblockTime)
    i.prvTaskExitError                       0x08003354   Section        0  port.o(i.prvTaskExitError)
    prvTaskExitError                         0x08003355   Thumb Code    60  port.o(i.prvTaskExitError)
    i.pvPortMalloc                           0x08003394   Section        0  heap_4.o(i.pvPortMalloc)
    i.pxPortInitialiseStack                  0x080034e0   Section        0  port.o(i.pxPortInitialiseStack)
    i.uxListRemove                           0x0800350c   Section        0  list.o(i.uxListRemove)
    i.vApplicationGetIdleTaskMemory          0x08003534   Section        0  freertos.o(i.vApplicationGetIdleTaskMemory)
    i.vListInitialise                        0x0800354c   Section        0  list.o(i.vListInitialise)
    i.vListInitialiseItem                    0x08003566   Section        0  list.o(i.vListInitialiseItem)
    i.vListInsert                            0x0800356c   Section        0  list.o(i.vListInsert)
    i.vListInsertEnd                         0x080035a0   Section        0  list.o(i.vListInsertEnd)
    i.vPortEnterCritical                     0x080035b8   Section        0  port.o(i.vPortEnterCritical)
    i.vPortExitCritical                      0x0800360c   Section        0  port.o(i.vPortExitCritical)
    i.vPortFree                              0x08003648   Section        0  heap_4.o(i.vPortFree)
    i.vPortSetupTimerInterrupt               0x080036ec   Section        0  port.o(i.vPortSetupTimerInterrupt)
    i.vTaskDelay                             0x08003714   Section        0  tasks.o(i.vTaskDelay)
    i.vTaskStartScheduler                    0x08003770   Section        0  tasks.o(i.vTaskStartScheduler)
    i.vTaskSuspendAll                        0x08003820   Section        0  tasks.o(i.vTaskSuspendAll)
    i.vTaskSwitchContext                     0x08003830   Section        0  tasks.o(i.vTaskSwitchContext)
    i.xPortStartScheduler                    0x080038bc   Section        0  port.o(i.xPortStartScheduler)
    i.xTaskCreate                            0x08003a24   Section        0  tasks.o(i.xTaskCreate)
    i.xTaskCreateStatic                      0x08003a88   Section        0  tasks.o(i.xTaskCreateStatic)
    i.xTaskIncrementTick                     0x08003b44   Section        0  tasks.o(i.xTaskIncrementTick)
    i.xTaskResumeAll                         0x08003c8c   Section        0  tasks.o(i.xTaskResumeAll)
    x$fpl$basic                              0x08003d90   Section       24  basic.o(x$fpl$basic)
    $v0                                      0x08003d90   Number         0  basic.o(x$fpl$basic)
    x$fpl$d2f                                0x08003da8   Section       98  d2f.o(x$fpl$d2f)
    $v0                                      0x08003da8   Number         0  d2f.o(x$fpl$d2f)
    x$fpl$dadd                               0x08003e0c   Section      336  daddsub_clz.o(x$fpl$dadd)
    $v0                                      0x08003e0c   Number         0  daddsub_clz.o(x$fpl$dadd)
    _dadd1                                   0x08003e1d   Thumb Code     0  daddsub_clz.o(x$fpl$dadd)
    x$fpl$dcmpinf                            0x08003f5c   Section       24  dcmpi.o(x$fpl$dcmpinf)
    $v0                                      0x08003f5c   Number         0  dcmpi.o(x$fpl$dcmpinf)
    x$fpl$ddiv                               0x08003f74   Section      688  ddiv.o(x$fpl$ddiv)
    $v0                                      0x08003f74   Number         0  ddiv.o(x$fpl$ddiv)
    ddiv_entry                               0x08003f7b   Thumb Code     0  ddiv.o(x$fpl$ddiv)
    x$fpl$dfix                               0x08004224   Section       94  dfix.o(x$fpl$dfix)
    $v0                                      0x08004224   Number         0  dfix.o(x$fpl$dfix)
    x$fpl$dflt                               0x08004282   Section       46  dflt_clz.o(x$fpl$dflt)
    $v0                                      0x08004282   Number         0  dflt_clz.o(x$fpl$dflt)
    x$fpl$dfltu                              0x080042b0   Section       38  dflt_clz.o(x$fpl$dfltu)
    $v0                                      0x080042b0   Number         0  dflt_clz.o(x$fpl$dfltu)
    x$fpl$dleqf                              0x080042d8   Section      120  dleqf.o(x$fpl$dleqf)
    $v0                                      0x080042d8   Number         0  dleqf.o(x$fpl$dleqf)
    x$fpl$dmul                               0x08004350   Section      340  dmul.o(x$fpl$dmul)
    $v0                                      0x08004350   Number         0  dmul.o(x$fpl$dmul)
    x$fpl$dnaninf                            0x080044a4   Section      156  dnaninf.o(x$fpl$dnaninf)
    $v0                                      0x080044a4   Number         0  dnaninf.o(x$fpl$dnaninf)
    x$fpl$dretinf                            0x08004540   Section       12  dretinf.o(x$fpl$dretinf)
    $v0                                      0x08004540   Number         0  dretinf.o(x$fpl$dretinf)
    x$fpl$drleqf                             0x0800454c   Section      108  drleqf.o(x$fpl$drleqf)
    $v0                                      0x0800454c   Number         0  drleqf.o(x$fpl$drleqf)
    x$fpl$drsb                               0x080045b8   Section       22  daddsub_clz.o(x$fpl$drsb)
    $v0                                      0x080045b8   Number         0  daddsub_clz.o(x$fpl$drsb)
    x$fpl$dsub                               0x080045d0   Section      468  daddsub_clz.o(x$fpl$dsub)
    $v0                                      0x080045d0   Number         0  daddsub_clz.o(x$fpl$dsub)
    _dsub1                                   0x080045e1   Thumb Code     0  daddsub_clz.o(x$fpl$dsub)
    x$fpl$f2d                                0x080047a4   Section       86  f2d.o(x$fpl$f2d)
    $v0                                      0x080047a4   Number         0  f2d.o(x$fpl$f2d)
    x$fpl$fnaninf                            0x080047fa   Section      140  fnaninf.o(x$fpl$fnaninf)
    $v0                                      0x080047fa   Number         0  fnaninf.o(x$fpl$fnaninf)
    x$fpl$fpinit                             0x08004886   Section       10  fpinit.o(x$fpl$fpinit)
    $v0                                      0x08004886   Number         0  fpinit.o(x$fpl$fpinit)
    x$fpl$fretinf                            0x08004890   Section       10  fretinf.o(x$fpl$fretinf)
    $v0                                      0x08004890   Number         0  fretinf.o(x$fpl$fretinf)
    x$fpl$usenofp                            0x0800489a   Section        0  usenofp.o(x$fpl$usenofp)
    .constdata                               0x0800489c   Section       28  freertos.o(.constdata)
    .constdata                               0x080048b8   Section       24  system_stm32f4xx.o(.constdata)
    .constdata                               0x080048d0   Section       48  cos_i.o(.constdata)
    C                                        0x080048d0   Data          48  cos_i.o(.constdata)
    .constdata                               0x08004900   Section      200  rred.o(.constdata)
    pio2s                                    0x08004900   Data          48  rred.o(.constdata)
    twooverpi                                0x08004930   Data         152  rred.o(.constdata)
    .constdata                               0x080049c8   Section       40  sin_i.o(.constdata)
    S                                        0x080049c8   Data          40  sin_i.o(.constdata)
    .conststring                             0x080049f0   Section       12  freertos.o(.conststring)
    .data                                    0x20000000   Section       22  freertos.o(.data)
    obVoltage                                0x20000004   Data           8  freertos.o(.data)
    TargetSpeed                              0x2000000c   Data           4  freertos.o(.data)
    TargetAngle                              0x20000010   Data           4  freertos.o(.data)
    MechanicalAngle                          0x20000014   Data           2  freertos.o(.data)
    .data                                    0x20000018   Section        9  stm32f4xx_hal.o(.data)
    .data                                    0x20000024   Section        4  system_stm32f4xx.o(.data)
    .data                                    0x20000028   Section       60  tasks.o(.data)
    pxDelayedTaskList                        0x2000002c   Data           4  tasks.o(.data)
    pxOverflowDelayedTaskList                0x20000030   Data           4  tasks.o(.data)
    uxDeletedTasksWaitingCleanUp             0x20000034   Data           4  tasks.o(.data)
    uxCurrentNumberOfTasks                   0x20000038   Data           4  tasks.o(.data)
    xTickCount                               0x2000003c   Data           4  tasks.o(.data)
    uxTopReadyPriority                       0x20000040   Data           4  tasks.o(.data)
    xSchedulerRunning                        0x20000044   Data           4  tasks.o(.data)
    xPendedTicks                             0x20000048   Data           4  tasks.o(.data)
    xYieldPending                            0x2000004c   Data           4  tasks.o(.data)
    xNumOfOverflows                          0x20000050   Data           4  tasks.o(.data)
    uxTaskNumber                             0x20000054   Data           4  tasks.o(.data)
    xNextTaskUnblockTime                     0x20000058   Data           4  tasks.o(.data)
    xIdleTaskHandle                          0x2000005c   Data           4  tasks.o(.data)
    uxSchedulerSuspended                     0x20000060   Data           4  tasks.o(.data)
    .data                                    0x20000064   Section       32  heap_4.o(.data)
    xStart                                   0x20000064   Data           8  heap_4.o(.data)
    pxEnd                                    0x2000006c   Data           4  heap_4.o(.data)
    xFreeBytesRemaining                      0x20000070   Data           4  heap_4.o(.data)
    xMinimumEverFreeBytesRemaining           0x20000074   Data           4  heap_4.o(.data)
    xNumberOfSuccessfulAllocations           0x20000078   Data           4  heap_4.o(.data)
    xNumberOfSuccessfulFrees                 0x2000007c   Data           4  heap_4.o(.data)
    xBlockAllocatedBit                       0x20000080   Data           4  heap_4.o(.data)
    .data                                    0x20000084   Section       12  port.o(.data)
    uxCriticalNesting                        0x20000084   Data           4  port.o(.data)
    ucMaxSysCallPriority                     0x20000088   Data           1  port.o(.data)
    ulMaxPRIGROUPValue                       0x2000008c   Data           4  port.o(.data)
    .bss                                     0x20000090   Section       88  main.o(.bss)
    .bss                                     0x200000e8   Section      596  freertos.o(.bss)
    xIdleTaskTCBBuffer                       0x200000e8   Data          84  freertos.o(.bss)
    xIdleStack                               0x2000013c   Data         512  freertos.o(.bss)
    .bss                                     0x2000033c   Section       40  can.o(.bss)
    .bss                                     0x20000364   Section       72  stm32f4xx_hal_timebase_tim.o(.bss)
    .bss                                     0x200003ac   Section      240  tasks.o(.bss)
    pxReadyTasksLists                        0x200003ac   Data         140  tasks.o(.bss)
    xDelayedTaskList1                        0x20000438   Data          20  tasks.o(.bss)
    xDelayedTaskList2                        0x2000044c   Data          20  tasks.o(.bss)
    xPendingReadyList                        0x20000460   Data          20  tasks.o(.bss)
    xTasksWaitingTermination                 0x20000474   Data          20  tasks.o(.bss)
    xSuspendedTaskList                       0x20000488   Data          20  tasks.o(.bss)
    .bss                                     0x2000049c   Section    15360  heap_4.o(.bss)
    ucHeap                                   0x2000049c   Data       15360  heap_4.o(.bss)
    .bss                                     0x2000409c   Section       96  libspace.o(.bss)
    HEAP                                     0x20004100   Section      512  startup_stm32f407xx.o(HEAP)
    Heap_Mem                                 0x20004100   Data         512  startup_stm32f407xx.o(HEAP)
    STACK                                    0x20004300   Section     1024  startup_stm32f407xx.o(STACK)
    Stack_Mem                                0x20004300   Data        1024  startup_stm32f407xx.o(STACK)
    __initial_sp                             0x20004700   Data           0  startup_stm32f407xx.o(STACK)

    Global Symbols

    Symbol Name                              Value     Ov Type        Size  Object(Section)

    BuildAttributes$$THM_ISAv4$E$P$D$K$B$S$7EM$VFPi3$EXTD16$VFPS$VFMA$PE$A:L22UL41UL21$X:L11$S22US41US21$IEEE1$IW$USESV6$~STKCKD$USESV7$~SHL$OTIME$ROPI$IEEEX$EBA8$UX$STANDARDLIB$REQ8$PRES8$EABIv2 0x00000000   Number         0  anon$$obj.o ABSOLUTE
    __ARM_use_no_argv                        0x00000000   Number         0  main.o ABSOLUTE
    __ARM_exceptions_init                     - Undefined Weak Reference
    __alloca_initialize                       - Undefined Weak Reference
    __arm_preinit_                            - Undefined Weak Reference
    __cpp_initialize__aeabi_                  - Undefined Weak Reference
    __cxa_finalize                            - Undefined Weak Reference
    __rt_locale                               - Undefined Weak Reference
    __sigvec_lookup                           - Undefined Weak Reference
    _atexit_init                              - Undefined Weak Reference
    _call_atexit_fns                          - Undefined Weak Reference
    _clock_init                               - Undefined Weak Reference
    _fp_trap_init                             - Undefined Weak Reference
    _fp_trap_shutdown                         - Undefined Weak Reference
    _get_lc_collate                           - Undefined Weak Reference
    _get_lc_ctype                             - Undefined Weak Reference
    _get_lc_monetary                          - Undefined Weak Reference
    _get_lc_numeric                           - Undefined Weak Reference
    _get_lc_time                              - Undefined Weak Reference
    _getenv_init                              - Undefined Weak Reference
    _handle_redirection                       - Undefined Weak Reference
    _init_alloc                               - Undefined Weak Reference
    _init_user_alloc                          - Undefined Weak Reference
    _initio                                   - Undefined Weak Reference
    _rand_init                                - Undefined Weak Reference
    _signal_finish                            - Undefined Weak Reference
    _signal_init                              - Undefined Weak Reference
    _terminate_alloc                          - Undefined Weak Reference
    _terminate_user_alloc                     - Undefined Weak Reference
    _terminateio                              - Undefined Weak Reference
    __Vectors_Size                           0x00000188   Number         0  startup_stm32f407xx.o ABSOLUTE
    __Vectors                                0x08000000   Data           4  startup_stm32f407xx.o(RESET)
    __Vectors_End                            0x08000188   Data           0  startup_stm32f407xx.o(RESET)
    __main                                   0x08000189   Thumb Code     8  __main.o(!!!main)
    __scatterload                            0x08000191   Thumb Code     0  __scatter.o(!!!scatter)
    __scatterload_rt2                        0x08000191   Thumb Code    44  __scatter.o(!!!scatter)
    __scatterload_rt2_thumb_only             0x08000191   Thumb Code     0  __scatter.o(!!!scatter)
    __scatterload_null                       0x0800019f   Thumb Code     0  __scatter.o(!!!scatter)
    __scatterload_copy                       0x080001c5   Thumb Code    26  __scatter_copy.o(!!handler_copy)
    __scatterload_zeroinit                   0x080001e1   Thumb Code    28  __scatter_zi.o(!!handler_zi)
    __rt_lib_init                            0x080001fd   Thumb Code     0  libinit.o(.ARM.Collect$$libinit$$00000000)
    __rt_lib_init_fp_1                       0x080001ff   Thumb Code     0  libinit2.o(.ARM.Collect$$libinit$$00000001)
    __rt_lib_init_alloca_1                   0x08000203   Thumb Code     0  libinit2.o(.ARM.Collect$$libinit$$0000002E)
    __rt_lib_init_argv_1                     0x08000203   Thumb Code     0  libinit2.o(.ARM.Collect$$libinit$$0000002C)
    __rt_lib_init_atexit_1                   0x08000203   Thumb Code     0  libinit2.o(.ARM.Collect$$libinit$$0000001B)
    __rt_lib_init_clock_1                    0x08000203   Thumb Code     0  libinit2.o(.ARM.Collect$$libinit$$00000021)
    __rt_lib_init_cpp_1                      0x08000203   Thumb Code     0  libinit2.o(.ARM.Collect$$libinit$$00000032)
    __rt_lib_init_exceptions_1               0x08000203   Thumb Code     0  libinit2.o(.ARM.Collect$$libinit$$00000030)
    __rt_lib_init_fp_trap_1                  0x08000203   Thumb Code     0  libinit2.o(.ARM.Collect$$libinit$$0000001F)
    __rt_lib_init_getenv_1                   0x08000203   Thumb Code     0  libinit2.o(.ARM.Collect$$libinit$$00000023)
    __rt_lib_init_heap_1                     0x08000203   Thumb Code     0  libinit2.o(.ARM.Collect$$libinit$$0000000A)
    __rt_lib_init_lc_collate_1               0x08000203   Thumb Code     0  libinit2.o(.ARM.Collect$$libinit$$00000011)
    __rt_lib_init_lc_ctype_1                 0x08000203   Thumb Code     0  libinit2.o(.ARM.Collect$$libinit$$00000013)
    __rt_lib_init_lc_monetary_1              0x08000203   Thumb Code     0  libinit2.o(.ARM.Collect$$libinit$$00000015)
    __rt_lib_init_lc_numeric_1               0x08000203   Thumb Code     0  libinit2.o(.ARM.Collect$$libinit$$00000017)
    __rt_lib_init_lc_time_1                  0x08000203   Thumb Code     0  libinit2.o(.ARM.Collect$$libinit$$00000019)
    __rt_lib_init_preinit_1                  0x08000203   Thumb Code     0  libinit2.o(.ARM.Collect$$libinit$$00000004)
    __rt_lib_init_rand_1                     0x08000203   Thumb Code     0  libinit2.o(.ARM.Collect$$libinit$$0000000E)
    __rt_lib_init_return                     0x08000203   Thumb Code     0  libinit2.o(.ARM.Collect$$libinit$$00000033)
    __rt_lib_init_signal_1                   0x08000203   Thumb Code     0  libinit2.o(.ARM.Collect$$libinit$$0000001D)
    __rt_lib_init_stdio_1                    0x08000203   Thumb Code     0  libinit2.o(.ARM.Collect$$libinit$$00000025)
    __rt_lib_init_user_alloc_1               0x08000203   Thumb Code     0  libinit2.o(.ARM.Collect$$libinit$$0000000C)
    __rt_lib_shutdown                        0x08000205   Thumb Code     0  libshutdown.o(.ARM.Collect$$libshutdown$$00000000)
    __rt_lib_shutdown_cpp_1                  0x08000207   Thumb Code     0  libshutdown2.o(.ARM.Collect$$libshutdown$$00000002)
    __rt_lib_shutdown_fp_trap_1              0x08000207   Thumb Code     0  libshutdown2.o(.ARM.Collect$$libshutdown$$00000007)
    __rt_lib_shutdown_heap_1                 0x08000207   Thumb Code     0  libshutdown2.o(.ARM.Collect$$libshutdown$$0000000F)
    __rt_lib_shutdown_return                 0x08000207   Thumb Code     0  libshutdown2.o(.ARM.Collect$$libshutdown$$00000010)
    __rt_lib_shutdown_signal_1               0x08000207   Thumb Code     0  libshutdown2.o(.ARM.Collect$$libshutdown$$0000000A)
    __rt_lib_shutdown_stdio_1                0x08000207   Thumb Code     0  libshutdown2.o(.ARM.Collect$$libshutdown$$00000004)
    __rt_lib_shutdown_user_alloc_1           0x08000207   Thumb Code     0  libshutdown2.o(.ARM.Collect$$libshutdown$$0000000C)
    __rt_entry                               0x08000209   Thumb Code     0  __rtentry.o(.ARM.Collect$$rtentry$$00000000)
    __rt_entry_presh_1                       0x08000209   Thumb Code     0  __rtentry2.o(.ARM.Collect$$rtentry$$00000002)
    __rt_entry_sh                            0x08000209   Thumb Code     0  __rtentry4.o(.ARM.Collect$$rtentry$$00000004)
    __rt_entry_li                            0x0800020f   Thumb Code     0  __rtentry2.o(.ARM.Collect$$rtentry$$0000000A)
    __rt_entry_postsh_1                      0x0800020f   Thumb Code     0  __rtentry2.o(.ARM.Collect$$rtentry$$00000009)
    __rt_entry_main                          0x08000213   Thumb Code     0  __rtentry2.o(.ARM.Collect$$rtentry$$0000000D)
    __rt_entry_postli_1                      0x08000213   Thumb Code     0  __rtentry2.o(.ARM.Collect$$rtentry$$0000000C)
    __rt_exit                                0x0800021b   Thumb Code     0  rtexit.o(.ARM.Collect$$rtexit$$00000000)
    __rt_exit_ls                             0x0800021d   Thumb Code     0  rtexit2.o(.ARM.Collect$$rtexit$$00000003)
    __rt_exit_prels_1                        0x0800021d   Thumb Code     0  rtexit2.o(.ARM.Collect$$rtexit$$00000002)
    __rt_exit_exit                           0x08000221   Thumb Code     0  rtexit2.o(.ARM.Collect$$rtexit$$00000004)
    SVC_Handler                              0x08000229   Thumb Code    28  port.o(.emb_text)
    __asm___6_port_c_39a90d8d__prvStartFirstTask 0x08000249   Thumb Code    36  port.o(.emb_text)
    __asm___6_port_c_39a90d8d__prvEnableVFP  0x08000271   Thumb Code    16  port.o(.emb_text)
    PendSV_Handler                           0x08000285   Thumb Code    88  port.o(.emb_text)
    vPortGetIPSR                             0x080002e1   Thumb Code     6  port.o(.emb_text)
    Reset_Handler                            0x080002e9   Thumb Code     8  startup_stm32f407xx.o(.text)
    ADC_IRQHandler                           0x08000303   Thumb Code     0  startup_stm32f407xx.o(.text)
    CAN1_RX1_IRQHandler                      0x08000303   Thumb Code     0  startup_stm32f407xx.o(.text)
    CAN1_SCE_IRQHandler                      0x08000303   Thumb Code     0  startup_stm32f407xx.o(.text)
    CAN1_TX_IRQHandler                       0x08000303   Thumb Code     0  startup_stm32f407xx.o(.text)
    CAN2_RX0_IRQHandler                      0x08000303   Thumb Code     0  startup_stm32f407xx.o(.text)
    CAN2_RX1_IRQHandler                      0x08000303   Thumb Code     0  startup_stm32f407xx.o(.text)
    CAN2_SCE_IRQHandler                      0x08000303   Thumb Code     0  startup_stm32f407xx.o(.text)
    CAN2_TX_IRQHandler                       0x08000303   Thumb Code     0  startup_stm32f407xx.o(.text)
    DCMI_IRQHandler                          0x08000303   Thumb Code     0  startup_stm32f407xx.o(.text)
    DMA1_Stream0_IRQHandler                  0x08000303   Thumb Code     0  startup_stm32f407xx.o(.text)
    DMA1_Stream1_IRQHandler                  0x08000303   Thumb Code     0  startup_stm32f407xx.o(.text)
    DMA1_Stream2_IRQHandler                  0x08000303   Thumb Code     0  startup_stm32f407xx.o(.text)
    DMA1_Stream3_IRQHandler                  0x08000303   Thumb Code     0  startup_stm32f407xx.o(.text)
    DMA1_Stream4_IRQHandler                  0x08000303   Thumb Code     0  startup_stm32f407xx.o(.text)
    DMA1_Stream5_IRQHandler                  0x08000303   Thumb Code     0  startup_stm32f407xx.o(.text)
    DMA1_Stream6_IRQHandler                  0x08000303   Thumb Code     0  startup_stm32f407xx.o(.text)
    DMA1_Stream7_IRQHandler                  0x08000303   Thumb Code     0  startup_stm32f407xx.o(.text)
    DMA2_Stream0_IRQHandler                  0x08000303   Thumb Code     0  startup_stm32f407xx.o(.text)
    DMA2_Stream1_IRQHandler                  0x08000303   Thumb Code     0  startup_stm32f407xx.o(.text)
    DMA2_Stream2_IRQHandler                  0x08000303   Thumb Code     0  startup_stm32f407xx.o(.text)
    DMA2_Stream3_IRQHandler                  0x08000303   Thumb Code     0  startup_stm32f407xx.o(.text)
    DMA2_Stream4_IRQHandler                  0x08000303   Thumb Code     0  startup_stm32f407xx.o(.text)
    DMA2_Stream5_IRQHandler                  0x08000303   Thumb Code     0  startup_stm32f407xx.o(.text)
    DMA2_Stream6_IRQHandler                  0x08000303   Thumb Code     0  startup_stm32f407xx.o(.text)
    DMA2_Stream7_IRQHandler                  0x08000303   Thumb Code     0  startup_stm32f407xx.o(.text)
    ETH_IRQHandler                           0x08000303   Thumb Code     0  startup_stm32f407xx.o(.text)
    ETH_WKUP_IRQHandler                      0x08000303   Thumb Code     0  startup_stm32f407xx.o(.text)
    EXTI0_IRQHandler                         0x08000303   Thumb Code     0  startup_stm32f407xx.o(.text)
    EXTI15_10_IRQHandler                     0x08000303   Thumb Code     0  startup_stm32f407xx.o(.text)
    EXTI1_IRQHandler                         0x08000303   Thumb Code     0  startup_stm32f407xx.o(.text)
    EXTI2_IRQHandler                         0x08000303   Thumb Code     0  startup_stm32f407xx.o(.text)
    EXTI3_IRQHandler                         0x08000303   Thumb Code     0  startup_stm32f407xx.o(.text)
    EXTI4_IRQHandler                         0x08000303   Thumb Code     0  startup_stm32f407xx.o(.text)
    EXTI9_5_IRQHandler                       0x08000303   Thumb Code     0  startup_stm32f407xx.o(.text)
    FLASH_IRQHandler                         0x08000303   Thumb Code     0  startup_stm32f407xx.o(.text)
    FMC_IRQHandler                           0x08000303   Thumb Code     0  startup_stm32f407xx.o(.text)
    FPU_IRQHandler                           0x08000303   Thumb Code     0  startup_stm32f407xx.o(.text)
    HASH_RNG_IRQHandler                      0x08000303   Thumb Code     0  startup_stm32f407xx.o(.text)
    I2C1_ER_IRQHandler                       0x08000303   Thumb Code     0  startup_stm32f407xx.o(.text)
    I2C1_EV_IRQHandler                       0x08000303   Thumb Code     0  startup_stm32f407xx.o(.text)
    I2C2_ER_IRQHandler                       0x08000303   Thumb Code     0  startup_stm32f407xx.o(.text)
    I2C2_EV_IRQHandler                       0x08000303   Thumb Code     0  startup_stm32f407xx.o(.text)
    I2C3_ER_IRQHandler                       0x08000303   Thumb Code     0  startup_stm32f407xx.o(.text)
    I2C3_EV_IRQHandler                       0x08000303   Thumb Code     0  startup_stm32f407xx.o(.text)
    OTG_FS_IRQHandler                        0x08000303   Thumb Code     0  startup_stm32f407xx.o(.text)
    OTG_FS_WKUP_IRQHandler                   0x08000303   Thumb Code     0  startup_stm32f407xx.o(.text)
    OTG_HS_EP1_IN_IRQHandler                 0x08000303   Thumb Code     0  startup_stm32f407xx.o(.text)
    OTG_HS_EP1_OUT_IRQHandler                0x08000303   Thumb Code     0  startup_stm32f407xx.o(.text)
    OTG_HS_IRQHandler                        0x08000303   Thumb Code     0  startup_stm32f407xx.o(.text)
    OTG_HS_WKUP_IRQHandler                   0x08000303   Thumb Code     0  startup_stm32f407xx.o(.text)
    PVD_IRQHandler                           0x08000303   Thumb Code     0  startup_stm32f407xx.o(.text)
    RCC_IRQHandler                           0x08000303   Thumb Code     0  startup_stm32f407xx.o(.text)
    RTC_Alarm_IRQHandler                     0x08000303   Thumb Code     0  startup_stm32f407xx.o(.text)
    RTC_WKUP_IRQHandler                      0x08000303   Thumb Code     0  startup_stm32f407xx.o(.text)
    SDIO_IRQHandler                          0x08000303   Thumb Code     0  startup_stm32f407xx.o(.text)
    SPI1_IRQHandler                          0x08000303   Thumb Code     0  startup_stm32f407xx.o(.text)
    SPI2_IRQHandler                          0x08000303   Thumb Code     0  startup_stm32f407xx.o(.text)
    SPI3_IRQHandler                          0x08000303   Thumb Code     0  startup_stm32f407xx.o(.text)
    TAMP_STAMP_IRQHandler                    0x08000303   Thumb Code     0  startup_stm32f407xx.o(.text)
    TIM1_BRK_TIM9_IRQHandler                 0x08000303   Thumb Code     0  startup_stm32f407xx.o(.text)
    TIM1_CC_IRQHandler                       0x08000303   Thumb Code     0  startup_stm32f407xx.o(.text)
    TIM1_TRG_COM_TIM11_IRQHandler            0x08000303   Thumb Code     0  startup_stm32f407xx.o(.text)
    TIM1_UP_TIM10_IRQHandler                 0x08000303   Thumb Code     0  startup_stm32f407xx.o(.text)
    TIM2_IRQHandler                          0x08000303   Thumb Code     0  startup_stm32f407xx.o(.text)
    TIM3_IRQHandler                          0x08000303   Thumb Code     0  startup_stm32f407xx.o(.text)
    TIM4_IRQHandler                          0x08000303   Thumb Code     0  startup_stm32f407xx.o(.text)
    TIM5_IRQHandler                          0x08000303   Thumb Code     0  startup_stm32f407xx.o(.text)
    TIM6_DAC_IRQHandler                      0x08000303   Thumb Code     0  startup_stm32f407xx.o(.text)
    TIM7_IRQHandler                          0x08000303   Thumb Code     0  startup_stm32f407xx.o(.text)
    TIM8_BRK_TIM12_IRQHandler                0x08000303   Thumb Code     0  startup_stm32f407xx.o(.text)
    TIM8_CC_IRQHandler                       0x08000303   Thumb Code     0  startup_stm32f407xx.o(.text)
    TIM8_UP_TIM13_IRQHandler                 0x08000303   Thumb Code     0  startup_stm32f407xx.o(.text)
    UART4_IRQHandler                         0x08000303   Thumb Code     0  startup_stm32f407xx.o(.text)
    UART5_IRQHandler                         0x08000303   Thumb Code     0  startup_stm32f407xx.o(.text)
    USART1_IRQHandler                        0x08000303   Thumb Code     0  startup_stm32f407xx.o(.text)
    USART2_IRQHandler                        0x08000303   Thumb Code     0  startup_stm32f407xx.o(.text)
    USART3_IRQHandler                        0x08000303   Thumb Code     0  startup_stm32f407xx.o(.text)
    USART6_IRQHandler                        0x08000303   Thumb Code     0  startup_stm32f407xx.o(.text)
    WWDG_IRQHandler                          0x08000303   Thumb Code     0  startup_stm32f407xx.o(.text)
    __user_initial_stackheap                 0x08000305   Thumb Code     0  startup_stm32f407xx.o(.text)
    __aeabi_uldivmod                         0x08000329   Thumb Code     0  lludivv7m.o(.text)
    _ll_udiv                                 0x08000329   Thumb Code   238  lludivv7m.o(.text)
    __aeabi_memcpy4                          0x08000417   Thumb Code     0  rt_memcpy_w.o(.text)
    __aeabi_memcpy8                          0x08000417   Thumb Code     0  rt_memcpy_w.o(.text)
    __rt_memcpy_w                            0x08000417   Thumb Code   100  rt_memcpy_w.o(.text)
    _memcpy_lastbytes_aligned                0x0800045f   Thumb Code     0  rt_memcpy_w.o(.text)
    __aeabi_memclr4                          0x0800047b   Thumb Code     0  rt_memclr_w.o(.text)
    __aeabi_memclr8                          0x0800047b   Thumb Code     0  rt_memclr_w.o(.text)
    __rt_memclr_w                            0x0800047b   Thumb Code    78  rt_memclr_w.o(.text)
    _memset_w                                0x0800047f   Thumb Code     0  rt_memclr_w.o(.text)
    __use_two_region_memory                  0x080004c9   Thumb Code     2  heapauxi.o(.text)
    __rt_heap_escrow$2region                 0x080004cb   Thumb Code     2  heapauxi.o(.text)
    __rt_heap_expand$2region                 0x080004cd   Thumb Code     2  heapauxi.o(.text)
    __read_errno                             0x080004cf   Thumb Code    10  _rserrno.o(.text)
    __set_errno                              0x080004d9   Thumb Code    12  _rserrno.o(.text)
    __aeabi_errno_addr                       0x080004e5   Thumb Code     8  rt_errno_addr_intlibspace.o(.text)
    __errno$intlibspace                      0x080004e5   Thumb Code     0  rt_errno_addr_intlibspace.o(.text)
    __rt_errno_addr$intlibspace              0x080004e5   Thumb Code     0  rt_errno_addr_intlibspace.o(.text)
    __user_libspace                          0x080004ed   Thumb Code     8  libspace.o(.text)
    __user_perproc_libspace                  0x080004ed   Thumb Code     0  libspace.o(.text)
    __user_perthread_libspace                0x080004ed   Thumb Code     0  libspace.o(.text)
    __user_setup_stackheap                   0x080004f5   Thumb Code    74  sys_stackheap_outer.o(.text)
    exit                                     0x0800053f   Thumb Code    18  exit.o(.text)
    _sys_exit                                0x08000551   Thumb Code     8  sys_exit.o(.text)
    __I$use$semihosting                      0x0800055d   Thumb Code     0  use_no_semi.o(.text)
    __use_no_semihosting_swi                 0x0800055d   Thumb Code     2  use_no_semi.o(.text)
    BusFault_Handler                         0x0800055f   Thumb Code     4  stm32f4xx_it.o(i.BusFault_Handler)
    __semihosting_library_function           0x0800055f   Thumb Code     0  indicate_semi.o(.text)
    CAN1_RX0_IRQHandler                      0x08000565   Thumb Code    10  stm32f4xx_it.o(i.CAN1_RX0_IRQHandler)
    CAN_DJ                                   0x08000575   Thumb Code   402  freertos.o(i.CAN_DJ)
    DebugMon_Handler                         0x0800074d   Thumb Code     2  stm32f4xx_it.o(i.DebugMon_Handler)
    Error_Handler                            0x0800074f   Thumb Code     6  main.o(i.Error_Handler)
    GM6020_SetVoltageAll                     0x08000755   Thumb Code   108  gm6020.o(i.GM6020_SetVoltageAll)
    HAL_CAN_ActivateNotification             0x080007c5   Thumb Code    42  stm32f4xx_hal_can.o(i.HAL_CAN_ActivateNotification)
    HAL_CAN_AddTxMessage                     0x080007ef   Thumb Code   330  stm32f4xx_hal_can.o(i.HAL_CAN_AddTxMessage)
    HAL_CAN_ConfigFilter                     0x08000939   Thumb Code   284  stm32f4xx_hal_can.o(i.HAL_CAN_ConfigFilter)
    HAL_CAN_ErrorCallback                    0x08000a59   Thumb Code     2  stm32f4xx_hal_can.o(i.HAL_CAN_ErrorCallback)
    HAL_CAN_GetRxMessage                     0x08000a5b   Thumb Code   404  stm32f4xx_hal_can.o(i.HAL_CAN_GetRxMessage)
    HAL_CAN_IRQHandler                       0x08000bef   Thumb Code   590  stm32f4xx_hal_can.o(i.HAL_CAN_IRQHandler)
    HAL_CAN_Init                             0x08000e3d   Thumb Code   372  stm32f4xx_hal_can.o(i.HAL_CAN_Init)
    HAL_CAN_MspInit                          0x08000fb1   Thumb Code   138  can.o(i.HAL_CAN_MspInit)
    HAL_CAN_RxFifo0FullCallback              0x08001049   Thumb Code     2  stm32f4xx_hal_can.o(i.HAL_CAN_RxFifo0FullCallback)
    HAL_CAN_RxFifo0MsgPendingCallback        0x0800104d   Thumb Code   336  gm6020.o(i.HAL_CAN_RxFifo0MsgPendingCallback)
    HAL_CAN_RxFifo1FullCallback              0x080011a5   Thumb Code     2  stm32f4xx_hal_can.o(i.HAL_CAN_RxFifo1FullCallback)
    HAL_CAN_RxFifo1MsgPendingCallback        0x080011a7   Thumb Code     2  stm32f4xx_hal_can.o(i.HAL_CAN_RxFifo1MsgPendingCallback)
    HAL_CAN_SleepCallback                    0x080011a9   Thumb Code     2  stm32f4xx_hal_can.o(i.HAL_CAN_SleepCallback)
    HAL_CAN_Start                            0x080011ab   Thumb Code    94  stm32f4xx_hal_can.o(i.HAL_CAN_Start)
    HAL_CAN_TxMailbox0AbortCallback          0x08001209   Thumb Code     2  stm32f4xx_hal_can.o(i.HAL_CAN_TxMailbox0AbortCallback)
    HAL_CAN_TxMailbox0CompleteCallback       0x0800120b   Thumb Code     2  stm32f4xx_hal_can.o(i.HAL_CAN_TxMailbox0CompleteCallback)
    HAL_CAN_TxMailbox1AbortCallback          0x0800120d   Thumb Code     2  stm32f4xx_hal_can.o(i.HAL_CAN_TxMailbox1AbortCallback)
    HAL_CAN_TxMailbox1CompleteCallback       0x0800120f   Thumb Code     2  stm32f4xx_hal_can.o(i.HAL_CAN_TxMailbox1CompleteCallback)
    HAL_CAN_TxMailbox2AbortCallback          0x08001211   Thumb Code     2  stm32f4xx_hal_can.o(i.HAL_CAN_TxMailbox2AbortCallback)
    HAL_CAN_TxMailbox2CompleteCallback       0x08001213   Thumb Code     2  stm32f4xx_hal_can.o(i.HAL_CAN_TxMailbox2CompleteCallback)
    HAL_CAN_WakeUpFromRxMsgCallback          0x08001215   Thumb Code     2  stm32f4xx_hal_can.o(i.HAL_CAN_WakeUpFromRxMsgCallback)
    HAL_GPIO_Init                            0x08001219   Thumb Code   454  stm32f4xx_hal_gpio.o(i.HAL_GPIO_Init)
    HAL_GetTick                              0x0800140d   Thumb Code     6  stm32f4xx_hal.o(i.HAL_GetTick)
    HAL_IncTick                              0x08001419   Thumb Code    16  stm32f4xx_hal.o(i.HAL_IncTick)
    HAL_Init                                 0x08001431   Thumb Code    54  stm32f4xx_hal.o(i.HAL_Init)
    HAL_InitTick                             0x0800146d   Thumb Code   160  stm32f4xx_hal_timebase_tim.o(i.HAL_InitTick)
    HAL_MspInit                              0x08001521   Thumb Code    78  stm32f4xx_hal_msp.o(i.HAL_MspInit)
    HAL_NVIC_EnableIRQ                       0x08001575   Thumb Code    40  stm32f4xx_hal_cortex.o(i.HAL_NVIC_EnableIRQ)
    HAL_NVIC_SetPriority                     0x0800159d   Thumb Code   124  stm32f4xx_hal_cortex.o(i.HAL_NVIC_SetPriority)
    HAL_NVIC_SetPriorityGrouping             0x08001619   Thumb Code    32  stm32f4xx_hal_cortex.o(i.HAL_NVIC_SetPriorityGrouping)
    HAL_RCC_ClockConfig                      0x08001641   Thumb Code   368  stm32f4xx_hal_rcc.o(i.HAL_RCC_ClockConfig)
    HAL_RCC_GetClockConfig                   0x080017c5   Thumb Code    58  stm32f4xx_hal_rcc.o(i.HAL_RCC_GetClockConfig)
    HAL_RCC_GetHCLKFreq                      0x08001809   Thumb Code     6  stm32f4xx_hal_rcc.o(i.HAL_RCC_GetHCLKFreq)
    HAL_RCC_GetPCLK1Freq                     0x08001815   Thumb Code    22  stm32f4xx_hal_rcc.o(i.HAL_RCC_GetPCLK1Freq)
    HAL_RCC_GetSysClockFreq                  0x08001835   Thumb Code   162  stm32f4xx_hal_rcc.o(i.HAL_RCC_GetSysClockFreq)
    HAL_RCC_OscConfig                        0x080018e5   Thumb Code  1172  stm32f4xx_hal_rcc.o(i.HAL_RCC_OscConfig)
    HAL_TIMEx_BreakCallback                  0x08001d81   Thumb Code     2  stm32f4xx_hal_tim_ex.o(i.HAL_TIMEx_BreakCallback)
    HAL_TIMEx_CommutCallback                 0x08001d83   Thumb Code     2  stm32f4xx_hal_tim_ex.o(i.HAL_TIMEx_CommutCallback)
    HAL_TIM_Base_Init                        0x08001d85   Thumb Code   102  stm32f4xx_hal_tim.o(i.HAL_TIM_Base_Init)
    HAL_TIM_Base_MspInit                     0x08001deb   Thumb Code     2  stm32f4xx_hal_tim.o(i.HAL_TIM_Base_MspInit)
    HAL_TIM_Base_Start_IT                    0x08001ded   Thumb Code   138  stm32f4xx_hal_tim.o(i.HAL_TIM_Base_Start_IT)
    HAL_TIM_IC_CaptureCallback               0x08001e95   Thumb Code     2  stm32f4xx_hal_tim.o(i.HAL_TIM_IC_CaptureCallback)
    HAL_TIM_IRQHandler                       0x08001e97   Thumb Code   364  stm32f4xx_hal_tim.o(i.HAL_TIM_IRQHandler)
    HAL_TIM_OC_DelayElapsedCallback          0x08002003   Thumb Code     2  stm32f4xx_hal_tim.o(i.HAL_TIM_OC_DelayElapsedCallback)
    HAL_TIM_PWM_PulseFinishedCallback        0x08002005   Thumb Code     2  stm32f4xx_hal_tim.o(i.HAL_TIM_PWM_PulseFinishedCallback)
    HAL_TIM_PeriodElapsedCallback            0x08002009   Thumb Code    18  main.o(i.HAL_TIM_PeriodElapsedCallback)
    HAL_TIM_TriggerCallback                  0x08002021   Thumb Code     2  stm32f4xx_hal_tim.o(i.HAL_TIM_TriggerCallback)
    HardFault_Handler                        0x08002023   Thumb Code     4  stm32f4xx_it.o(i.HardFault_Handler)
    MX_CAN1_Init                             0x08002029   Thumb Code   110  can.o(i.MX_CAN1_Init)
    MX_FREERTOS_Init                         0x080020a1   Thumb Code    30  freertos.o(i.MX_FREERTOS_Init)
    MX_GPIO_Init                             0x080020c9   Thumb Code    96  gpio.o(i.MX_GPIO_Init)
    MemManage_Handler                        0x0800212d   Thumb Code     4  stm32f4xx_it.o(i.MemManage_Handler)
    NMI_Handler                              0x08002131   Thumb Code     4  stm32f4xx_it.o(i.NMI_Handler)
    PID_Init                                 0x08002135   Thumb Code    46  pid.o(i.PID_Init)
    PID_Set                                  0x08002171   Thumb Code   408  pid.o(i.PID_Set)
    SysTick_Handler                          0x08002309   Thumb Code    46  port.o(i.SysTick_Handler)
    SystemClock_Config                       0x0800233d   Thumb Code   170  main.o(i.SystemClock_Config)
    SystemInit                               0x080023f1   Thumb Code    14  system_stm32f4xx.o(i.SystemInit)
    TIM8_TRG_COM_TIM14_IRQHandler            0x08002405   Thumb Code    10  stm32f4xx_it.o(i.TIM8_TRG_COM_TIM14_IRQHandler)
    TIM_Base_SetConfig                       0x08002415   Thumb Code   178  stm32f4xx_hal_tim.o(i.TIM_Base_SetConfig)
    UsageFault_Handler                       0x080024f5   Thumb Code     4  stm32f4xx_it.o(i.UsageFault_Handler)
    __ARM_fpclassify                         0x080024f9   Thumb Code    48  fpclassify.o(i.__ARM_fpclassify)
    __hardfp_sin                             0x08002561   Thumb Code   180  sin.o(i.__hardfp_sin)
    __ieee754_rem_pio2                       0x08002629   Thumb Code   938  rred.o(i.__ieee754_rem_pio2)
    __kernel_cos                             0x08002a61   Thumb Code   322  cos_i.o(i.__kernel_cos)
    __kernel_poly                            0x08002bd1   Thumb Code   248  poly.o(i.__kernel_poly)
    __kernel_sin                             0x08002cc9   Thumb Code   280  sin_i.o(i.__kernel_sin)
    __mathlib_dbl_infnan                     0x08002df9   Thumb Code    20  dunder.o(i.__mathlib_dbl_infnan)
    __mathlib_dbl_invalid                    0x08002e11   Thumb Code    24  dunder.o(i.__mathlib_dbl_invalid)
    __mathlib_dbl_underflow                  0x08002e31   Thumb Code    24  dunder.o(i.__mathlib_dbl_underflow)
    fabs                                     0x08002e51   Thumb Code    24  fabs.o(i.fabs)
    main                                     0x08002e69   Thumb Code    28  main.o(i.main)
    osDelay                                  0x08002e93   Thumb Code    24  cmsis_os.o(i.osDelay)
    osKernelStart                            0x08002eab   Thumb Code    10  cmsis_os.o(i.osKernelStart)
    osThreadCreate                           0x08002eb5   Thumb Code    94  cmsis_os.o(i.osThreadCreate)
    pvPortMalloc                             0x08003395   Thumb Code   306  heap_4.o(i.pvPortMalloc)
    pxPortInitialiseStack                    0x080034e1   Thumb Code    38  port.o(i.pxPortInitialiseStack)
    uxListRemove                             0x0800350d   Thumb Code    40  list.o(i.uxListRemove)
    vApplicationGetIdleTaskMemory            0x08003535   Thumb Code    14  freertos.o(i.vApplicationGetIdleTaskMemory)
    vListInitialise                          0x0800354d   Thumb Code    26  list.o(i.vListInitialise)
    vListInitialiseItem                      0x08003567   Thumb Code     6  list.o(i.vListInitialiseItem)
    vListInsert                              0x0800356d   Thumb Code    52  list.o(i.vListInsert)
    vListInsertEnd                           0x080035a1   Thumb Code    24  list.o(i.vListInsertEnd)
    vPortEnterCritical                       0x080035b9   Thumb Code    76  port.o(i.vPortEnterCritical)
    vPortExitCritical                        0x0800360d   Thumb Code    56  port.o(i.vPortExitCritical)
    vPortFree                                0x08003649   Thumb Code   150  heap_4.o(i.vPortFree)
    vPortSetupTimerInterrupt                 0x080036ed   Thumb Code    36  port.o(i.vPortSetupTimerInterrupt)
    vTaskDelay                               0x08003715   Thumb Code    82  tasks.o(i.vTaskDelay)
    vTaskStartScheduler                      0x08003771   Thumb Code   146  tasks.o(i.vTaskStartScheduler)
    vTaskSuspendAll                          0x08003821   Thumb Code    12  tasks.o(i.vTaskSuspendAll)
    vTaskSwitchContext                       0x08003831   Thumb Code   118  tasks.o(i.vTaskSwitchContext)
    xPortStartScheduler                      0x080038bd   Thumb Code   330  port.o(i.xPortStartScheduler)
    xTaskCreate                              0x08003a25   Thumb Code   100  tasks.o(i.xTaskCreate)
    xTaskCreateStatic                        0x08003a89   Thumb Code   186  tasks.o(i.xTaskCreateStatic)
    xTaskIncrementTick                       0x08003b45   Thumb Code   282  tasks.o(i.xTaskIncrementTick)
    xTaskResumeAll                           0x08003c8d   Thumb Code   224  tasks.o(i.xTaskResumeAll)
    __aeabi_dneg                             0x08003d91   Thumb Code     0  basic.o(x$fpl$basic)
    _dneg                                    0x08003d91   Thumb Code     6  basic.o(x$fpl$basic)
    __aeabi_fneg                             0x08003d97   Thumb Code     0  basic.o(x$fpl$basic)
    _fneg                                    0x08003d97   Thumb Code     6  basic.o(x$fpl$basic)
    _dabs                                    0x08003d9d   Thumb Code     6  basic.o(x$fpl$basic)
    _fabs                                    0x08003da3   Thumb Code     6  basic.o(x$fpl$basic)
    __aeabi_d2f                              0x08003da9   Thumb Code     0  d2f.o(x$fpl$d2f)
    _d2f                                     0x08003da9   Thumb Code    98  d2f.o(x$fpl$d2f)
    __aeabi_dadd                             0x08003e0d   Thumb Code     0  daddsub_clz.o(x$fpl$dadd)
    _dadd                                    0x08003e0d   Thumb Code   332  daddsub_clz.o(x$fpl$dadd)
    __fpl_dcmp_Inf                           0x08003f5d   Thumb Code    24  dcmpi.o(x$fpl$dcmpinf)
    __aeabi_ddiv                             0x08003f75   Thumb Code     0  ddiv.o(x$fpl$ddiv)
    _ddiv                                    0x08003f75   Thumb Code   552  ddiv.o(x$fpl$ddiv)
    __aeabi_d2iz                             0x08004225   Thumb Code     0  dfix.o(x$fpl$dfix)
    _dfix                                    0x08004225   Thumb Code    94  dfix.o(x$fpl$dfix)
    __aeabi_i2d                              0x08004283   Thumb Code     0  dflt_clz.o(x$fpl$dflt)
    _dflt                                    0x08004283   Thumb Code    46  dflt_clz.o(x$fpl$dflt)
    __aeabi_ui2d                             0x080042b1   Thumb Code     0  dflt_clz.o(x$fpl$dfltu)
    _dfltu                                   0x080042b1   Thumb Code    38  dflt_clz.o(x$fpl$dfltu)
    __aeabi_cdcmple                          0x080042d9   Thumb Code     0  dleqf.o(x$fpl$dleqf)
    _dcmple                                  0x080042d9   Thumb Code   120  dleqf.o(x$fpl$dleqf)
    __fpl_dcmple_InfNaN                      0x0800433b   Thumb Code     0  dleqf.o(x$fpl$dleqf)
    __aeabi_dmul                             0x08004351   Thumb Code     0  dmul.o(x$fpl$dmul)
    _dmul                                    0x08004351   Thumb Code   332  dmul.o(x$fpl$dmul)
    __fpl_dnaninf                            0x080044a5   Thumb Code   156  dnaninf.o(x$fpl$dnaninf)
    __fpl_dretinf                            0x08004541   Thumb Code    12  dretinf.o(x$fpl$dretinf)
    __aeabi_cdrcmple                         0x0800454d   Thumb Code     0  drleqf.o(x$fpl$drleqf)
    _drcmple                                 0x0800454d   Thumb Code   108  drleqf.o(x$fpl$drleqf)
    __aeabi_drsub                            0x080045b9   Thumb Code     0  daddsub_clz.o(x$fpl$drsb)
    _drsb                                    0x080045b9   Thumb Code    22  daddsub_clz.o(x$fpl$drsb)
    __aeabi_dsub                             0x080045d1   Thumb Code     0  daddsub_clz.o(x$fpl$dsub)
    _dsub                                    0x080045d1   Thumb Code   464  daddsub_clz.o(x$fpl$dsub)
    __aeabi_f2d                              0x080047a5   Thumb Code     0  f2d.o(x$fpl$f2d)
    _f2d                                     0x080047a5   Thumb Code    86  f2d.o(x$fpl$f2d)
    __fpl_fnaninf                            0x080047fb   Thumb Code   140  fnaninf.o(x$fpl$fnaninf)
    _fp_init                                 0x08004887   Thumb Code    10  fpinit.o(x$fpl$fpinit)
    __fplib_config_fpu_vfp                   0x0800488f   Thumb Code     0  fpinit.o(x$fpl$fpinit)
    __fplib_config_pureend_doubles           0x0800488f   Thumb Code     0  fpinit.o(x$fpl$fpinit)
    __fpl_fretinf                            0x08004891   Thumb Code    10  fretinf.o(x$fpl$fretinf)
    __I$use$fp                               0x0800489a   Number         0  usenofp.o(x$fpl$usenofp)
    AHBPrescTable                            0x080048b8   Data          16  system_stm32f4xx.o(.constdata)
    APBPrescTable                            0x080048c8   Data           8  system_stm32f4xx.o(.constdata)
    Region$$Table$$Base                      0x080049fc   Number         0  anon$$obj.o(Region$$Table)
    Region$$Table$$Limit                     0x08004a1c   Number         0  anon$$obj.o(Region$$Table)
    CAN_DIAN_JIHandle                        0x20000000   Data           4  freertos.o(.data)
    uwTick                                   0x20000018   Data           4  stm32f4xx_hal.o(.data)
    uwTickPrio                               0x2000001c   Data           4  stm32f4xx_hal.o(.data)
    uwTickFreq                               0x20000020   Data           1  stm32f4xx_hal.o(.data)
    SystemCoreClock                          0x20000024   Data           4  system_stm32f4xx.o(.data)
    pxCurrentTCB                             0x20000028   Data           4  tasks.o(.data)
    GM_Statu                                 0x20000090   Data          48  main.o(.bss)
    Speed_PID_Data                           0x200000c0   Data          40  main.o(.bss)
    hcan1                                    0x2000033c   Data          40  can.o(.bss)
    htim14                                   0x20000364   Data          72  stm32f4xx_hal_timebase_tim.o(.bss)
    __libspace_start                         0x2000409c   Data          96  libspace.o(.bss)
    __temporary_stack_top$libspace           0x200040fc   Data           0  libspace.o(.bss)



==============================================================================

Memory Map of the image

  Image Entry point : 0x08000189

  Load Region LR_IROM1 (Base: 0x08000000, Size: 0x00004aac, Max: 0x00100000, ABSOLUTE)

    Execution Region ER_IROM1 (Exec base: 0x08000000, Load base: 0x08000000, Size: 0x00004a1c, Max: 0x00100000, ABSOLUTE)

    Exec Addr    Load Addr    Size         Type   Attr      Idx    E Section Name        Object

    0x08000000   0x08000000   0x00000188   Data   RO            3    RESET               startup_stm32f407xx.o
    0x08000188   0x08000188   0x00000008   Code   RO         4325  * !!!main             c_w.l(__main.o)
    0x08000190   0x08000190   0x00000034   Code   RO         4594    !!!scatter          c_w.l(__scatter.o)
    0x080001c4   0x080001c4   0x0000001a   Code   RO         4596    !!handler_copy      c_w.l(__scatter_copy.o)
    0x080001de   0x080001de   0x00000002   PAD
    0x080001e0   0x080001e0   0x0000001c   Code   RO         4598    !!handler_zi        c_w.l(__scatter_zi.o)
    0x080001fc   0x080001fc   0x00000002   Code   RO         4467    .ARM.Collect$$libinit$$00000000  c_w.l(libinit.o)
    0x080001fe   0x080001fe   0x00000004   Code   RO         4476    .ARM.Collect$$libinit$$00000001  c_w.l(libinit2.o)
    0x08000202   0x08000202   0x00000000   Code   RO         4479    .ARM.Collect$$libinit$$00000004  c_w.l(libinit2.o)
    0x08000202   0x08000202   0x00000000   Code   RO         4482    .ARM.Collect$$libinit$$0000000A  c_w.l(libinit2.o)
    0x08000202   0x08000202   0x00000000   Code   RO         4484    .ARM.Collect$$libinit$$0000000C  c_w.l(libinit2.o)
    0x08000202   0x08000202   0x00000000   Code   RO         4486    .ARM.Collect$$libinit$$0000000E  c_w.l(libinit2.o)
    0x08000202   0x08000202   0x00000000   Code   RO         4489    .ARM.Collect$$libinit$$00000011  c_w.l(libinit2.o)
    0x08000202   0x08000202   0x00000000   Code   RO         4491    .ARM.Collect$$libinit$$00000013  c_w.l(libinit2.o)
    0x08000202   0x08000202   0x00000000   Code   RO         4493    .ARM.Collect$$libinit$$00000015  c_w.l(libinit2.o)
    0x08000202   0x08000202   0x00000000   Code   RO         4495    .ARM.Collect$$libinit$$00000017  c_w.l(libinit2.o)
    0x08000202   0x08000202   0x00000000   Code   RO         4497    .ARM.Collect$$libinit$$00000019  c_w.l(libinit2.o)
    0x08000202   0x08000202   0x00000000   Code   RO         4499    .ARM.Collect$$libinit$$0000001B  c_w.l(libinit2.o)
    0x08000202   0x08000202   0x00000000   Code   RO         4501    .ARM.Collect$$libinit$$0000001D  c_w.l(libinit2.o)
    0x08000202   0x08000202   0x00000000   Code   RO         4503    .ARM.Collect$$libinit$$0000001F  c_w.l(libinit2.o)
    0x08000202   0x08000202   0x00000000   Code   RO         4505    .ARM.Collect$$libinit$$00000021  c_w.l(libinit2.o)
    0x08000202   0x08000202   0x00000000   Code   RO         4507    .ARM.Collect$$libinit$$00000023  c_w.l(libinit2.o)
    0x08000202   0x08000202   0x00000000   Code   RO         4509    .ARM.Collect$$libinit$$00000025  c_w.l(libinit2.o)
    0x08000202   0x08000202   0x00000000   Code   RO         4513    .ARM.Collect$$libinit$$0000002C  c_w.l(libinit2.o)
    0x08000202   0x08000202   0x00000000   Code   RO         4515    .ARM.Collect$$libinit$$0000002E  c_w.l(libinit2.o)
    0x08000202   0x08000202   0x00000000   Code   RO         4517    .ARM.Collect$$libinit$$00000030  c_w.l(libinit2.o)
    0x08000202   0x08000202   0x00000000   Code   RO         4519    .ARM.Collect$$libinit$$00000032  c_w.l(libinit2.o)
    0x08000202   0x08000202   0x00000002   Code   RO         4520    .ARM.Collect$$libinit$$00000033  c_w.l(libinit2.o)
    0x08000204   0x08000204   0x00000002   Code   RO         4551    .ARM.Collect$$libshutdown$$00000000  c_w.l(libshutdown.o)
    0x08000206   0x08000206   0x00000000   Code   RO         4577    .ARM.Collect$$libshutdown$$00000002  c_w.l(libshutdown2.o)
    0x08000206   0x08000206   0x00000000   Code   RO         4579    .ARM.Collect$$libshutdown$$00000004  c_w.l(libshutdown2.o)
    0x08000206   0x08000206   0x00000000   Code   RO         4582    .ARM.Collect$$libshutdown$$00000007  c_w.l(libshutdown2.o)
    0x08000206   0x08000206   0x00000000   Code   RO         4585    .ARM.Collect$$libshutdown$$0000000A  c_w.l(libshutdown2.o)
    0x08000206   0x08000206   0x00000000   Code   RO         4587    .ARM.Collect$$libshutdown$$0000000C  c_w.l(libshutdown2.o)
    0x08000206   0x08000206   0x00000000   Code   RO         4590    .ARM.Collect$$libshutdown$$0000000F  c_w.l(libshutdown2.o)
    0x08000206   0x08000206   0x00000002   Code   RO         4591    .ARM.Collect$$libshutdown$$00000010  c_w.l(libshutdown2.o)
    0x08000208   0x08000208   0x00000000   Code   RO         4361    .ARM.Collect$$rtentry$$00000000  c_w.l(__rtentry.o)
    0x08000208   0x08000208   0x00000000   Code   RO         4412    .ARM.Collect$$rtentry$$00000002  c_w.l(__rtentry2.o)
    0x08000208   0x08000208   0x00000006   Code   RO         4424    .ARM.Collect$$rtentry$$00000004  c_w.l(__rtentry4.o)
    0x0800020e   0x0800020e   0x00000000   Code   RO         4414    .ARM.Collect$$rtentry$$00000009  c_w.l(__rtentry2.o)
    0x0800020e   0x0800020e   0x00000004   Code   RO         4415    .ARM.Collect$$rtentry$$0000000A  c_w.l(__rtentry2.o)
    0x08000212   0x08000212   0x00000000   Code   RO         4417    .ARM.Collect$$rtentry$$0000000C  c_w.l(__rtentry2.o)
    0x08000212   0x08000212   0x00000008   Code   RO         4418    .ARM.Collect$$rtentry$$0000000D  c_w.l(__rtentry2.o)
    0x0800021a   0x0800021a   0x00000002   Code   RO         4468    .ARM.Collect$$rtexit$$00000000  c_w.l(rtexit.o)
    0x0800021c   0x0800021c   0x00000000   Code   RO         4524    .ARM.Collect$$rtexit$$00000002  c_w.l(rtexit2.o)
    0x0800021c   0x0800021c   0x00000004   Code   RO         4525    .ARM.Collect$$rtexit$$00000003  c_w.l(rtexit2.o)
    0x08000220   0x08000220   0x00000006   Code   RO         4526    .ARM.Collect$$rtexit$$00000004  c_w.l(rtexit2.o)
    0x08000226   0x08000226   0x00000002   PAD
    0x08000228   0x08000228   0x000000be   Code   RO         4234    .emb_text           port.o
    0x080002e6   0x080002e6   0x00000002   PAD
    0x080002e8   0x080002e8   0x00000040   Code   RO            4    .text               startup_stm32f407xx.o
    0x08000328   0x08000328   0x000000ee   Code   RO         4313    .text               c_w.l(lludivv7m.o)
    0x08000416   0x08000416   0x00000064   Code   RO         4317    .text               c_w.l(rt_memcpy_w.o)
    0x0800047a   0x0800047a   0x0000004e   Code   RO         4321    .text               c_w.l(rt_memclr_w.o)
    0x080004c8   0x080004c8   0x00000006   Code   RO         4323    .text               c_w.l(heapauxi.o)
    0x080004ce   0x080004ce   0x00000016   Code   RO         4366    .text               c_w.l(_rserrno.o)
    0x080004e4   0x080004e4   0x00000008   Code   RO         4431    .text               c_w.l(rt_errno_addr_intlibspace.o)
    0x080004ec   0x080004ec   0x00000008   Code   RO         4451    .text               c_w.l(libspace.o)
    0x080004f4   0x080004f4   0x0000004a   Code   RO         4454    .text               c_w.l(sys_stackheap_outer.o)
    0x0800053e   0x0800053e   0x00000012   Code   RO         4456    .text               c_w.l(exit.o)
    0x08000550   0x08000550   0x0000000c   Code   RO         4521    .text               c_w.l(sys_exit.o)
    0x0800055c   0x0800055c   0x00000002   Code   RO         4540    .text               c_w.l(use_no_semi.o)
    0x0800055e   0x0800055e   0x00000000   Code   RO         4542    .text               c_w.l(indicate_semi.o)
    0x0800055e   0x0800055e   0x00000004   Code   RO          375    i.BusFault_Handler  stm32f4xx_it.o
    0x08000562   0x08000562   0x00000002   PAD
    0x08000564   0x08000564   0x00000010   Code   RO          376    i.CAN1_RX0_IRQHandler  stm32f4xx_it.o
    0x08000574   0x08000574   0x000001d8   Code   RO          278    i.CAN_DJ            freertos.o
    0x0800074c   0x0800074c   0x00000002   Code   RO          377    i.DebugMon_Handler  stm32f4xx_it.o
    0x0800074e   0x0800074e   0x00000006   Code   RO          199    i.Error_Handler     main.o
    0x08000754   0x08000754   0x00000070   Code   RO           13    i.GM6020_SetVoltageAll  gm6020.o
    0x080007c4   0x080007c4   0x0000002a   Code   RO          542    i.HAL_CAN_ActivateNotification  stm32f4xx_hal_can.o
    0x080007ee   0x080007ee   0x0000014a   Code   RO          543    i.HAL_CAN_AddTxMessage  stm32f4xx_hal_can.o
    0x08000938   0x08000938   0x00000120   Code   RO          544    i.HAL_CAN_ConfigFilter  stm32f4xx_hal_can.o
    0x08000a58   0x08000a58   0x00000002   Code   RO          547    i.HAL_CAN_ErrorCallback  stm32f4xx_hal_can.o
    0x08000a5a   0x08000a5a   0x00000194   Code   RO          550    i.HAL_CAN_GetRxMessage  stm32f4xx_hal_can.o
    0x08000bee   0x08000bee   0x0000024e   Code   RO          554    i.HAL_CAN_IRQHandler  stm32f4xx_hal_can.o
    0x08000e3c   0x08000e3c   0x00000174   Code   RO          555    i.HAL_CAN_Init      stm32f4xx_hal_can.o
    0x08000fb0   0x08000fb0   0x00000098   Code   RO          334    i.HAL_CAN_MspInit   can.o
    0x08001048   0x08001048   0x00000002   Code   RO          562    i.HAL_CAN_RxFifo0FullCallback  stm32f4xx_hal_can.o
    0x0800104a   0x0800104a   0x00000002   PAD
    0x0800104c   0x0800104c   0x00000158   Code   RO           15    i.HAL_CAN_RxFifo0MsgPendingCallback  gm6020.o
    0x080011a4   0x080011a4   0x00000002   Code   RO          564    i.HAL_CAN_RxFifo1FullCallback  stm32f4xx_hal_can.o
    0x080011a6   0x080011a6   0x00000002   Code   RO          565    i.HAL_CAN_RxFifo1MsgPendingCallback  stm32f4xx_hal_can.o
    0x080011a8   0x080011a8   0x00000002   Code   RO          566    i.HAL_CAN_SleepCallback  stm32f4xx_hal_can.o
    0x080011aa   0x080011aa   0x0000005e   Code   RO          567    i.HAL_CAN_Start     stm32f4xx_hal_can.o
    0x08001208   0x08001208   0x00000002   Code   RO          569    i.HAL_CAN_TxMailbox0AbortCallback  stm32f4xx_hal_can.o
    0x0800120a   0x0800120a   0x00000002   Code   RO          570    i.HAL_CAN_TxMailbox0CompleteCallback  stm32f4xx_hal_can.o
    0x0800120c   0x0800120c   0x00000002   Code   RO          571    i.HAL_CAN_TxMailbox1AbortCallback  stm32f4xx_hal_can.o
    0x0800120e   0x0800120e   0x00000002   Code   RO          572    i.HAL_CAN_TxMailbox1CompleteCallback  stm32f4xx_hal_can.o
    0x08001210   0x08001210   0x00000002   Code   RO          573    i.HAL_CAN_TxMailbox2AbortCallback  stm32f4xx_hal_can.o
    0x08001212   0x08001212   0x00000002   Code   RO          574    i.HAL_CAN_TxMailbox2CompleteCallback  stm32f4xx_hal_can.o
    0x08001214   0x08001214   0x00000002   Code   RO          576    i.HAL_CAN_WakeUpFromRxMsgCallback  stm32f4xx_hal_can.o
    0x08001216   0x08001216   0x00000002   PAD
    0x08001218   0x08001218   0x000001f4   Code   RO         1175    i.HAL_GPIO_Init     stm32f4xx_hal_gpio.o
    0x0800140c   0x0800140c   0x0000000c   Code   RO         1730    i.HAL_GetTick       stm32f4xx_hal.o
    0x08001418   0x08001418   0x00000018   Code   RO         1736    i.HAL_IncTick       stm32f4xx_hal.o
    0x08001430   0x08001430   0x0000003c   Code   RO         1737    i.HAL_Init          stm32f4xx_hal.o
    0x0800146c   0x0800146c   0x000000b4   Code   RO          469    i.HAL_InitTick      stm32f4xx_hal_timebase_tim.o
    0x08001520   0x08001520   0x00000054   Code   RO          445    i.HAL_MspInit       stm32f4xx_hal_msp.o
    0x08001574   0x08001574   0x00000028   Code   RO         1567    i.HAL_NVIC_EnableIRQ  stm32f4xx_hal_cortex.o
    0x0800159c   0x0800159c   0x0000007c   Code   RO         1573    i.HAL_NVIC_SetPriority  stm32f4xx_hal_cortex.o
    0x08001618   0x08001618   0x00000028   Code   RO         1574    i.HAL_NVIC_SetPriorityGrouping  stm32f4xx_hal_cortex.o
    0x08001640   0x08001640   0x00000184   Code   RO          776    i.HAL_RCC_ClockConfig  stm32f4xx_hal_rcc.o
    0x080017c4   0x080017c4   0x00000044   Code   RO          780    i.HAL_RCC_GetClockConfig  stm32f4xx_hal_rcc.o
    0x08001808   0x08001808   0x0000000c   Code   RO          781    i.HAL_RCC_GetHCLKFreq  stm32f4xx_hal_rcc.o
    0x08001814   0x08001814   0x00000020   Code   RO          783    i.HAL_RCC_GetPCLK1Freq  stm32f4xx_hal_rcc.o
    0x08001834   0x08001834   0x000000b0   Code   RO          785    i.HAL_RCC_GetSysClockFreq  stm32f4xx_hal_rcc.o
    0x080018e4   0x080018e4   0x0000049c   Code   RO          788    i.HAL_RCC_OscConfig  stm32f4xx_hal_rcc.o
    0x08001d80   0x08001d80   0x00000002   Code   RO         2692    i.HAL_TIMEx_BreakCallback  stm32f4xx_hal_tim_ex.o
    0x08001d82   0x08001d82   0x00000002   Code   RO         2693    i.HAL_TIMEx_CommutCallback  stm32f4xx_hal_tim_ex.o
    0x08001d84   0x08001d84   0x00000066   Code   RO         1977    i.HAL_TIM_Base_Init  stm32f4xx_hal_tim.o
    0x08001dea   0x08001dea   0x00000002   Code   RO         1979    i.HAL_TIM_Base_MspInit  stm32f4xx_hal_tim.o
    0x08001dec   0x08001dec   0x000000a8   Code   RO         1982    i.HAL_TIM_Base_Start_IT  stm32f4xx_hal_tim.o
    0x08001e94   0x08001e94   0x00000002   Code   RO         2011    i.HAL_TIM_IC_CaptureCallback  stm32f4xx_hal_tim.o
    0x08001e96   0x08001e96   0x0000016c   Code   RO         2025    i.HAL_TIM_IRQHandler  stm32f4xx_hal_tim.o
    0x08002002   0x08002002   0x00000002   Code   RO         2028    i.HAL_TIM_OC_DelayElapsedCallback  stm32f4xx_hal_tim.o
    0x08002004   0x08002004   0x00000002   Code   RO         2055    i.HAL_TIM_PWM_PulseFinishedCallback  stm32f4xx_hal_tim.o
    0x08002006   0x08002006   0x00000002   PAD
    0x08002008   0x08002008   0x00000018   Code   RO          200    i.HAL_TIM_PeriodElapsedCallback  main.o
    0x08002020   0x08002020   0x00000002   Code   RO         2068    i.HAL_TIM_TriggerCallback  stm32f4xx_hal_tim.o
    0x08002022   0x08002022   0x00000004   Code   RO          378    i.HardFault_Handler  stm32f4xx_it.o
    0x08002026   0x08002026   0x00000002   PAD
    0x08002028   0x08002028   0x00000078   Code   RO          335    i.MX_CAN1_Init      can.o
    0x080020a0   0x080020a0   0x00000028   Code   RO          279    i.MX_FREERTOS_Init  freertos.o
    0x080020c8   0x080020c8   0x00000064   Code   RO          254    i.MX_GPIO_Init      gpio.o
    0x0800212c   0x0800212c   0x00000004   Code   RO          379    i.MemManage_Handler  stm32f4xx_it.o
    0x08002130   0x08002130   0x00000004   Code   RO          380    i.NMI_Handler       stm32f4xx_it.o
    0x08002134   0x08002134   0x0000003c   Code   RO          508    i.PID_Init          pid.o
    0x08002170   0x08002170   0x00000198   Code   RO          509    i.PID_Set           pid.o
    0x08002308   0x08002308   0x00000034   Code   RO         4235    i.SysTick_Handler   port.o
    0x0800233c   0x0800233c   0x000000b4   Code   RO          201    i.SystemClock_Config  main.o
    0x080023f0   0x080023f0   0x00000014   Code   RO         2960    i.SystemInit        system_stm32f4xx.o
    0x08002404   0x08002404   0x00000010   Code   RO          381    i.TIM8_TRG_COM_TIM14_IRQHandler  stm32f4xx_it.o
    0x08002414   0x08002414   0x000000e0   Code   RO         2070    i.TIM_Base_SetConfig  stm32f4xx_hal_tim.o
    0x080024f4   0x080024f4   0x00000004   Code   RO          382    i.UsageFault_Handler  stm32f4xx_it.o
    0x080024f8   0x080024f8   0x00000030   Code   RO         4447    i.__ARM_fpclassify  m_wm.l(fpclassify.o)
    0x08002528   0x08002528   0x00000010   Code   RO         1580    i.__NVIC_GetPriorityGrouping  stm32f4xx_hal_cortex.o
    0x08002538   0x08002538   0x00000028   Code   RO         1581    i.__NVIC_SetPriority  stm32f4xx_hal_cortex.o
    0x08002560   0x08002560   0x000000c8   Code   RO         4349    i.__hardfp_sin      m_wm.l(sin.o)
    0x08002628   0x08002628   0x00000438   Code   RO         4400    i.__ieee754_rem_pio2  m_wm.l(rred.o)
    0x08002a60   0x08002a60   0x00000170   Code   RO         4383    i.__kernel_cos      m_wm.l(cos_i.o)
    0x08002bd0   0x08002bd0   0x000000f8   Code   RO         4449    i.__kernel_poly     m_wm.l(poly.o)
    0x08002cc8   0x08002cc8   0x00000130   Code   RO         4405    i.__kernel_sin      m_wm.l(sin_i.o)
    0x08002df8   0x08002df8   0x00000014   Code   RO         4387    i.__mathlib_dbl_infnan  m_wm.l(dunder.o)
    0x08002e0c   0x08002e0c   0x00000004   PAD
    0x08002e10   0x08002e10   0x00000020   Code   RO         4389    i.__mathlib_dbl_invalid  m_wm.l(dunder.o)
    0x08002e30   0x08002e30   0x00000020   Code   RO         4392    i.__mathlib_dbl_underflow  m_wm.l(dunder.o)
    0x08002e50   0x08002e50   0x00000018   Code   RO         4443    i.fabs              m_wm.l(fabs.o)
    0x08002e68   0x08002e68   0x0000001c   Code   RO          202    i.main              main.o
    0x08002e84   0x08002e84   0x0000000e   Code   RO         3800    i.makeFreeRtosPriority  cmsis_os.o
    0x08002e92   0x08002e92   0x00000018   Code   RO         3802    i.osDelay           cmsis_os.o
    0x08002eaa   0x08002eaa   0x0000000a   Code   RO         3805    i.osKernelStart     cmsis_os.o
    0x08002eb4   0x08002eb4   0x0000005e   Code   RO         3839    i.osThreadCreate    cmsis_os.o
    0x08002f12   0x08002f12   0x00000002   PAD
    0x08002f14   0x08002f14   0x00000098   Code   RO         3471    i.prvAddCurrentTaskToDelayedList  tasks.o
    0x08002fac   0x08002fac   0x000000b4   Code   RO         3472    i.prvAddNewTaskToReadyList  tasks.o
    0x08003060   0x08003060   0x00000048   Code   RO         3473    i.prvCheckTasksWaitingTermination  tasks.o
    0x080030a8   0x080030a8   0x00000050   Code   RO         3474    i.prvDeleteTCB      tasks.o
    0x080030f8   0x080030f8   0x0000007c   Code   RO         4167    i.prvHeapInit       heap_4.o
    0x08003174   0x08003174   0x00000028   Code   RO         3475    i.prvIdleTask       tasks.o
    0x0800319c   0x0800319c   0x000000b4   Code   RO         3476    i.prvInitialiseNewTask  tasks.o
    0x08003250   0x08003250   0x00000068   Code   RO         3477    i.prvInitialiseTaskLists  tasks.o
    0x080032b8   0x080032b8   0x00000068   Code   RO         4168    i.prvInsertBlockIntoFreeList  heap_4.o
    0x08003320   0x08003320   0x00000034   Code   RO         3478    i.prvResetNextTaskUnblockTime  tasks.o
    0x08003354   0x08003354   0x00000040   Code   RO         4236    i.prvTaskExitError  port.o
    0x08003394   0x08003394   0x0000014c   Code   RO         4169    i.pvPortMalloc      heap_4.o
    0x080034e0   0x080034e0   0x0000002c   Code   RO         4237    i.pxPortInitialiseStack  port.o
    0x0800350c   0x0800350c   0x00000028   Code   RO         3097    i.uxListRemove      list.o
    0x08003534   0x08003534   0x00000018   Code   RO          280    i.vApplicationGetIdleTaskMemory  freertos.o
    0x0800354c   0x0800354c   0x0000001a   Code   RO         3098    i.vListInitialise   list.o
    0x08003566   0x08003566   0x00000006   Code   RO         3099    i.vListInitialiseItem  list.o
    0x0800356c   0x0800356c   0x00000034   Code   RO         3100    i.vListInsert       list.o
    0x080035a0   0x080035a0   0x00000018   Code   RO         3101    i.vListInsertEnd    list.o
    0x080035b8   0x080035b8   0x00000054   Code   RO         4239    i.vPortEnterCritical  port.o
    0x0800360c   0x0800360c   0x0000003c   Code   RO         4240    i.vPortExitCritical  port.o
    0x08003648   0x08003648   0x000000a4   Code   RO         4170    i.vPortFree         heap_4.o
    0x080036ec   0x080036ec   0x00000028   Code   RO         4241    i.vPortSetupTimerInterrupt  port.o
    0x08003714   0x08003714   0x0000005c   Code   RO         3487    i.vTaskDelay        tasks.o
    0x08003770   0x08003770   0x000000b0   Code   RO         3500    i.vTaskStartScheduler  tasks.o
    0x08003820   0x08003820   0x00000010   Code   RO         3502    i.vTaskSuspendAll   tasks.o
    0x08003830   0x08003830   0x0000008c   Code   RO         3503    i.vTaskSwitchContext  tasks.o
    0x080038bc   0x080038bc   0x00000168   Code   RO         4243    i.xPortStartScheduler  port.o
    0x08003a24   0x08003a24   0x00000064   Code   RO         3506    i.xTaskCreate       tasks.o
    0x08003a88   0x08003a88   0x000000ba   Code   RO         3507    i.xTaskCreateStatic  tasks.o
    0x08003b42   0x08003b42   0x00000002   PAD
    0x08003b44   0x08003b44   0x00000148   Code   RO         3514    i.xTaskIncrementTick  tasks.o
    0x08003c8c   0x08003c8c   0x00000104   Code   RO         3520    i.xTaskResumeAll    tasks.o
    0x08003d90   0x08003d90   0x00000018   Code   RO         4370    x$fpl$basic         fz_wm.l(basic.o)
    0x08003da8   0x08003da8   0x00000062   Code   RO         4327    x$fpl$d2f           fz_wm.l(d2f.o)
    0x08003e0a   0x08003e0a   0x00000002   PAD
    0x08003e0c   0x08003e0c   0x00000150   Code   RO         4329    x$fpl$dadd          fz_wm.l(daddsub_clz.o)
    0x08003f5c   0x08003f5c   0x00000018   Code   RO         4372    x$fpl$dcmpinf       fz_wm.l(dcmpi.o)
    0x08003f74   0x08003f74   0x000002b0   Code   RO         4434    x$fpl$ddiv          fz_wm.l(ddiv.o)
    0x08004224   0x08004224   0x0000005e   Code   RO         4437    x$fpl$dfix          fz_wm.l(dfix.o)
    0x08004282   0x08004282   0x0000002e   Code   RO         4336    x$fpl$dflt          fz_wm.l(dflt_clz.o)
    0x080042b0   0x080042b0   0x00000026   Code   RO         4335    x$fpl$dfltu         fz_wm.l(dflt_clz.o)
    0x080042d6   0x080042d6   0x00000002   PAD
    0x080042d8   0x080042d8   0x00000078   Code   RO         4341    x$fpl$dleqf         fz_wm.l(dleqf.o)
    0x08004350   0x08004350   0x00000154   Code   RO         4343    x$fpl$dmul          fz_wm.l(dmul.o)
    0x080044a4   0x080044a4   0x0000009c   Code   RO         4374    x$fpl$dnaninf       fz_wm.l(dnaninf.o)
    0x08004540   0x08004540   0x0000000c   Code   RO         4376    x$fpl$dretinf       fz_wm.l(dretinf.o)
    0x0800454c   0x0800454c   0x0000006c   Code   RO         4345    x$fpl$drleqf        fz_wm.l(drleqf.o)
    0x080045b8   0x080045b8   0x00000016   Code   RO         4330    x$fpl$drsb          fz_wm.l(daddsub_clz.o)
    0x080045ce   0x080045ce   0x00000002   PAD
    0x080045d0   0x080045d0   0x000001d4   Code   RO         4331    x$fpl$dsub          fz_wm.l(daddsub_clz.o)
    0x080047a4   0x080047a4   0x00000056   Code   RO         4347    x$fpl$f2d           fz_wm.l(f2d.o)
    0x080047fa   0x080047fa   0x0000008c   Code   RO         4378    x$fpl$fnaninf       fz_wm.l(fnaninf.o)
    0x08004886   0x08004886   0x0000000a   Code   RO         4536    x$fpl$fpinit        fz_wm.l(fpinit.o)
    0x08004890   0x08004890   0x0000000a   Code   RO         4380    x$fpl$fretinf       fz_wm.l(fretinf.o)
    0x0800489a   0x0800489a   0x00000000   Code   RO         4382    x$fpl$usenofp       fz_wm.l(usenofp.o)
    0x0800489a   0x0800489a   0x00000002   PAD
    0x0800489c   0x0800489c   0x0000001c   Data   RO          282    .constdata          freertos.o
    0x080048b8   0x080048b8   0x00000018   Data   RO         2961    .constdata          system_stm32f4xx.o
    0x080048d0   0x080048d0   0x00000030   Data   RO         4384    .constdata          m_wm.l(cos_i.o)
    0x08004900   0x08004900   0x000000c8   Data   RO         4402    .constdata          m_wm.l(rred.o)
    0x080049c8   0x080049c8   0x00000028   Data   RO         4406    .constdata          m_wm.l(sin_i.o)
    0x080049f0   0x080049f0   0x0000000c   Data   RO          283    .conststring        freertos.o
    0x080049fc   0x080049fc   0x00000020   Data   RO         4592    Region$$Table       anon$$obj.o


    Execution Region RW_IRAM1 (Exec base: 0x20000000, Load base: 0x08004a1c, Size: 0x00004700, Max: 0x0001c000, ABSOLUTE)

    Exec Addr    Load Addr    Size         Type   Attr      Idx    E Section Name        Object

    0x20000000   0x08004a1c   0x00000016   Data   RW          284    .data               freertos.o
    0x20000016   0x08004a32   0x00000002   PAD
    0x20000018   0x08004a34   0x00000009   Data   RW         1744    .data               stm32f4xx_hal.o
    0x20000021   0x08004a3d   0x00000003   PAD
    0x20000024   0x08004a40   0x00000004   Data   RW         2962    .data               system_stm32f4xx.o
    0x20000028   0x08004a44   0x0000003c   Data   RW         3523    .data               tasks.o
    0x20000064   0x08004a80   0x00000020   Data   RW         4176    .data               heap_4.o
    0x20000084   0x08004aa0   0x0000000c   Data   RW         4244    .data               port.o
    0x20000090        -       0x00000058   Zero   RW          203    .bss                main.o
    0x200000e8        -       0x00000254   Zero   RW          281    .bss                freertos.o
    0x2000033c        -       0x00000028   Zero   RW          336    .bss                can.o
    0x20000364        -       0x00000048   Zero   RW          472    .bss                stm32f4xx_hal_timebase_tim.o
    0x200003ac        -       0x000000f0   Zero   RW         3522    .bss                tasks.o
    0x2000049c        -       0x00003c00   Zero   RW         4175    .bss                heap_4.o
    0x2000409c        -       0x00000060   Zero   RW         4452    .bss                c_w.l(libspace.o)
    0x200040fc   0x08004aac   0x00000004   PAD
    0x20004100        -       0x00000200   Zero   RW            2    HEAP                startup_stm32f407xx.o
    0x20004300        -       0x00000400   Zero   RW            1    STACK               startup_stm32f407xx.o


    Execution Region RW_IRAM2 (Exec base: 0x2001c000, Load base: 0x08004aac, Size: 0x00000000, Max: 0x00004000, ABSOLUTE)

    **** No section assigned to this execution region ****


==============================================================================

Image component sizes


      Code (inc. data)   RO Data    RW Data    ZI Data      Debug   Object Name

       272         24          0          0         40       1713   can.o
       142          0          0          0          0      22927   cmsis_os.o
         0          0          0          0          0      16872   event_groups.o
       536         90         40         22        596       2959   freertos.o
       456         12          0          0          0     721854   gm6020.o
       100          4          0          0          0        827   gpio.o
       724         74          0         32      15360       7343   heap_4.o
       148          0          0          0          0       3502   list.o
       238         16          0          0         88       8411   main.o
       468         14          0          0          0       2485   pid.o
       894         78          0         12          0      11008   port.o
        64         26        392          0       1536        832   startup_stm32f407xx.o
        96         20          0          9          0       8014   stm32f4xx_hal.o
      2144          4          0          0          0      14151   stm32f4xx_hal_can.o
       260         22          0          0          0      33494   stm32f4xx_hal_cortex.o
       500         46          0          0          0       1428   stm32f4xx_hal_gpio.o
        84          6          0          0          0        838   stm32f4xx_hal_msp.o
      1856         84          0          0          0       5626   stm32f4xx_hal_rcc.o
       868         76          0          0          0       6478   stm32f4xx_hal_tim.o
         4          0          0          0          0       1565   stm32f4xx_hal_tim_ex.o
       180         20          0          0         72       1432   stm32f4xx_hal_timebase_tim.o
        54         12          0          0          0       3739   stm32f4xx_it.o
         0          0          0          0          0        408   stream_buffer.o
        20          6         24          4          0       1091   system_stm32f4xx.o
      2158        270          0         60        240      20237   tasks.o

    ----------------------------------------------------------------------
     12282        904        488        144      17932     899234   Object Totals
         0          0         32          0          0          0   (incl. Generated)
        16          0          0          5          0          0   (incl. Padding)

    ----------------------------------------------------------------------

      Code (inc. data)   RO Data    RW Data    ZI Data      Debug   Library Member Name

         8          0          0          0          0         68   __main.o
         0          0          0          0          0          0   __rtentry.o
        12          0          0          0          0          0   __rtentry2.o
         6          0          0          0          0          0   __rtentry4.o
        52          8          0          0          0          0   __scatter.o
        26          0          0          0          0          0   __scatter_copy.o
        28          0          0          0          0          0   __scatter_zi.o
        22          0          0          0          0        100   _rserrno.o
        18          0          0          0          0         80   exit.o
         6          0          0          0          0        152   heapauxi.o
         0          0          0          0          0          0   indicate_semi.o
         2          0          0          0          0          0   libinit.o
         6          0          0          0          0          0   libinit2.o
         2          0          0          0          0          0   libshutdown.o
         2          0          0          0          0          0   libshutdown2.o
         8          4          0          0         96         68   libspace.o
       238          0          0          0          0        100   lludivv7m.o
         8          4          0          0          0         68   rt_errno_addr_intlibspace.o
        78          0          0          0          0         80   rt_memclr_w.o
       100          0          0          0          0         80   rt_memcpy_w.o
         2          0          0          0          0          0   rtexit.o
        10          0          0          0          0          0   rtexit2.o
        12          4          0          0          0         68   sys_exit.o
        74          0          0          0          0         80   sys_stackheap_outer.o
         2          0          0          0          0         68   use_no_semi.o
        24          0          0          0          0        164   basic.o
        98          4          0          0          0        140   d2f.o
       826         16          0          0          0        492   daddsub_clz.o
        24          0          0          0          0        116   dcmpi.o
       688        140          0          0          0        256   ddiv.o
        94          4          0          0          0        140   dfix.o
        84          0          0          0          0        232   dflt_clz.o
       120          4          0          0          0        140   dleqf.o
       340         12          0          0          0        152   dmul.o
       156          4          0          0          0        140   dnaninf.o
        12          0          0          0          0        116   dretinf.o
       108          0          0          0          0        128   drleqf.o
        86          4          0          0          0        132   f2d.o
       140          4          0          0          0        132   fnaninf.o
        10          0          0          0          0        116   fpinit.o
        10          0          0          0          0        116   fretinf.o
         0          0          0          0          0          0   usenofp.o
       368         46         48          0          0        200   cos_i.o
        84         16          0          0          0        372   dunder.o
        24          0          0          0          0        124   fabs.o
        48          0          0          0          0        124   fpclassify.o
       248          0          0          0          0        152   poly.o
      1080        142        200          0          0        188   rred.o
       200         20          0          0          0        164   sin.o
       304         24         40          0          0        208   sin_i.o

    ----------------------------------------------------------------------
      5914        460        288          0        100       5256   Library Totals
        16          0          0          0          4          0   (incl. Padding)

    ----------------------------------------------------------------------

      Code (inc. data)   RO Data    RW Data    ZI Data      Debug   Library Name

       722         20          0          0         96       1012   c_w.l
      2820        192          0          0          0       2712   fz_wm.l
      2356        248        288          0          0       1532   m_wm.l

    ----------------------------------------------------------------------
      5914        460        288          0        100       5256   Library Totals

    ----------------------------------------------------------------------

==============================================================================


      Code (inc. data)   RO Data    RW Data    ZI Data      Debug   

     18196       1364        776        144      18032     891374   Grand Totals
     18196       1364        776        144      18032     891374   ELF Image Totals
     18196       1364        776        144          0          0   ROM Totals

==============================================================================

    Total RO  Size (Code + RO Data)                18972 (  18.53kB)
    Total RW  Size (RW Data + ZI Data)             18176 (  17.75kB)
    Total ROM Size (Code + RO Data + RW Data)      19116 (  18.67kB)

==============================================================================

